Component: ARM Compiler 5.06 update 7 (build 960) Tool: armlink [4d3601]

==============================================================================

Section Cross References

    startup_stm32f030x8.o(STACK) refers (Special) to heapauxi.o(.text) for __use_two_region_memory
    startup_stm32f030x8.o(HEAP) refers (Special) to heapauxi.o(.text) for __use_two_region_memory
    startup_stm32f030x8.o(RESET) refers (Special) to heapauxi.o(.text) for __use_two_region_memory
    startup_stm32f030x8.o(RESET) refers to startup_stm32f030x8.o(STACK) for __initial_sp
    startup_stm32f030x8.o(RESET) refers to startup_stm32f030x8.o(.text) for Reset_Handler
    startup_stm32f030x8.o(RESET) refers to stm32f0xx_it.o(i.NMI_Handler) for NMI_Handler
    startup_stm32f030x8.o(RESET) refers to stm32f0xx_it.o(i.HardFault_Handler) for HardFault_Handler
    startup_stm32f030x8.o(RESET) refers to stm32f0xx_it.o(i.SVC_Handler) for SVC_Handler
    startup_stm32f030x8.o(RESET) refers to stm32f0xx_it.o(i.PendSV_Handler) for PendSV_Handler
    startup_stm32f030x8.o(RESET) refers to stm32f0xx_it.o(i.SysTick_Handler) for SysTick_Handler
    startup_stm32f030x8.o(RESET) refers to stm32f0xx_it.o(i.USART1_IRQHandler) for USART1_IRQHandler
    startup_stm32f030x8.o(.text) refers (Special) to heapauxi.o(.text) for __use_two_region_memory
    startup_stm32f030x8.o(.text) refers to system_stm32f0xx.o(i.SystemInit) for SystemInit
    startup_stm32f030x8.o(.text) refers to __main.o(!!!main) for __main
    startup_stm32f030x8.o(.text) refers to startup_stm32f030x8.o(HEAP) for Heap_Mem
    startup_stm32f030x8.o(.text) refers to startup_stm32f030x8.o(STACK) for Stack_Mem
    main.o(i.MX_GPIO_Init) refers to rt_memclr.o(.text) for __aeabi_memclr4
    main.o(i.MX_GPIO_Init) refers to stm32f0xx_hal_gpio.o(i.HAL_GPIO_WritePin) for HAL_GPIO_WritePin
    main.o(i.MX_GPIO_Init) refers to stm32f0xx_hal_gpio.o(i.HAL_GPIO_Init) for HAL_GPIO_Init
    main.o(i.MX_I2C2_Init) refers to stm32f0xx_hal_i2c.o(i.HAL_I2C_Init) for HAL_I2C_Init
    main.o(i.MX_I2C2_Init) refers to stm32f0xx_hal_i2c_ex.o(i.HAL_I2CEx_ConfigAnalogFilter) for HAL_I2CEx_ConfigAnalogFilter
    main.o(i.MX_I2C2_Init) refers to stm32f0xx_hal_i2c_ex.o(i.HAL_I2CEx_ConfigDigitalFilter) for HAL_I2CEx_ConfigDigitalFilter
    main.o(i.MX_I2C2_Init) refers to main.o(.bss) for .bss
    main.o(i.MX_SPI1_Init) refers to stm32f0xx_hal_spi.o(i.HAL_SPI_Init) for HAL_SPI_Init
    main.o(i.MX_SPI1_Init) refers to main.o(.bss) for .bss
    main.o(i.MX_SPI2_Init) refers to stm32f0xx_hal_spi.o(i.HAL_SPI_Init) for HAL_SPI_Init
    main.o(i.MX_SPI2_Init) refers to main.o(.bss) for .bss
    main.o(i.MX_USART1_UART_Init) refers to stm32f0xx_hal_uart.o(i.HAL_UART_Init) for HAL_UART_Init
    main.o(i.MX_USART1_UART_Init) refers to main.o(.bss) for .bss
    main.o(i.SystemClock_Config) refers to rt_memclr.o(.text) for __aeabi_memclr4
    main.o(i.SystemClock_Config) refers to stm32f0xx_hal_rcc.o(i.HAL_RCC_OscConfig) for HAL_RCC_OscConfig
    main.o(i.SystemClock_Config) refers to stm32f0xx_hal_rcc.o(i.HAL_RCC_ClockConfig) for HAL_RCC_ClockConfig
    main.o(i.SystemClock_Config) refers to stm32f0xx_hal_rcc_ex.o(i.HAL_RCCEx_PeriphCLKConfig) for HAL_RCCEx_PeriphCLKConfig
    main.o(i.UartRxAnalyze) refers to main.o(i.__ARM_common_switch8) for __ARM_common_switch8
    main.o(i.UartRxAnalyze) refers to stm32f0xx_hal_uart.o(i.HAL_UART_Transmit) for HAL_UART_Transmit
    main.o(i.UartRxAnalyze) refers to main.o(.bss) for .bss
    main.o(i.UartRxAnalyze) refers to main.o(.constdata) for .constdata
    main.o(i.main) refers to stm32f0xx_hal.o(i.HAL_Init) for HAL_Init
    main.o(i.main) refers to main.o(i.SystemClock_Config) for SystemClock_Config
    main.o(i.main) refers to main.o(i.MX_GPIO_Init) for MX_GPIO_Init
    main.o(i.main) refers to main.o(i.MX_I2C2_Init) for MX_I2C2_Init
    main.o(i.main) refers to main.o(i.MX_SPI1_Init) for MX_SPI1_Init
    main.o(i.main) refers to main.o(i.MX_USART1_UART_Init) for MX_USART1_UART_Init
    main.o(i.main) refers to main.o(i.MX_SPI2_Init) for MX_SPI2_Init
    main.o(i.main) refers to stm32f0xx_hal_iwdg.o(i.HAL_IWDG_Init) for HAL_IWDG_Init
    main.o(i.main) refers to stm32f0xx_hal_uart.o(i.HAL_UART_Transmit) for HAL_UART_Transmit
    main.o(i.main) refers to stm32f0xx_hal_spi.o(i.HAL_SPI_Receive) for HAL_SPI_Receive
    main.o(i.main) refers to stm32f0xx_hal_i2c.o(i.HAL_I2C_Master_Receive) for HAL_I2C_Master_Receive
    main.o(i.main) refers to stm32f0xx_hal_i2c.o(i.HAL_I2C_DeInit) for HAL_I2C_DeInit
    main.o(i.main) refers to stm32f0xx_hal_spi.o(i.HAL_SPI_Transmit) for HAL_SPI_Transmit
    main.o(i.main) refers to stm32f0xx_hal_i2c.o(i.HAL_I2C_Master_Transmit) for HAL_I2C_Master_Transmit
    main.o(i.main) refers to main.o(.bss) for .bss
    main.o(i.main) refers to main.o(.constdata) for .constdata
    main.o(i.main) refers to main.o(.data) for .data
    main.o(i.main) refers to stm32f0xx_hal_iwdg.o(i.HAL_IWDG_Refresh) for HAL_IWDG_Refresh
[...]

Maximum Stack Usage for HAL_I2C_Init 0x48 bytes.
Call chain for maximum stack usage:
HAL_I2C_Init => HAL_I2C_MspInit => HAL_GPIO_Init

Maximum Stack Usage for HAL_I2C_Master_Receive 0x68 bytes.
Call chain for maximum stack usage:
HAL_I2C_Master_Receive => I2C_WaitOnRXNEFlagUntilTimeout => I2C_IsAcknowledgeFailed

Maximum Stack Usage for HAL_I2C_Master_Transmit 0x58 bytes.
Call chain for maximum stack usage:
HAL_I2C_Master_Transmit => I2C_WaitOnTXISFlagUntilTimeout => I2C_IsAcknowledgeFailed

Maximum Stack Usage for HAL_I2C_MspDeInit 0x1c bytes.
Call chain for maximum stack usage:
HAL_I2C_MspDeInit => HAL_GPIO_DeInit

Maximum Stack Usage for HAL_I2C_MspInit 0x38 bytes.
Call chain for maximum stack usage:
HAL_I2C_MspInit => HAL_GPIO_Init

Maximum Stack Usage for HAL_IWDG_Init 0x10 bytes.
Call chain for maximum stack usage:
HAL_IWDG_Init

Maximum Stack Usage for HAL_Init 0x20 bytes.
Call chain for maximum stack usage:
HAL_Init => HAL_InitTick => HAL_NVIC_SetPriority

Maximum Stack Usage for HAL_InitTick 0x18 bytes.
Call chain for maximum stack usage:
HAL_InitTick => HAL_NVIC_SetPriority

Maximum Stack Usage for HAL_MspInit 0x8 bytes.
Call chain for maximum stack usage:
HAL_MspInit

Maximum Stack Usage for HAL_NVIC_SetPriority 0x8 bytes.
Call chain for maximum stack usage:
HAL_NVIC_SetPriority

Maximum Stack Usage for HAL_RCCEx_PeriphCLKConfig 0x18 bytes.
Call chain for maximum stack usage:
HAL_RCCEx_PeriphCLKConfig

Maximum Stack Usage for HAL_RCC_ClockConfig 0x60 bytes.
Call chain for maximum stack usage:
HAL_RCC_ClockConfig => HAL_RCC_GetSysClockFreq => __aeabi_uldivmod

Maximum Stack Usage for HAL_RCC_GetSysClockFreq 0x48 bytes.
Call chain for maximum stack usage:
HAL_RCC_GetSysClockFreq => __aeabi_uldivmod

Maximum Stack Usage for HAL_RCC_OscConfig 0x20 bytes.
Call chain for maximum stack usage:
HAL_RCC_OscConfig

Maximum Stack Usage for HAL_SPI_Init 0x58 bytes.
Call chain for maximum stack usage:
HAL_SPI_Init => HAL_SPI_MspInit => HAL_GPIO_Init

Maximum Stack Usage for HAL_SPI_MspInit 0x40 bytes.
Call chain for maximum stack usage:
HAL_SPI_MspInit => HAL_GPIO_Init

Maximum Stack Usage for HAL_SPI_Receive 0xa8 bytes.
Call chain for maximum stack usage:
HAL_SPI_Receive => HAL_SPI_TransmitReceive => SPI_EndRxTxTransaction => SPI_WaitFifoStateUntilTimeout

Maximum Stack Usage for HAL_SPI_Transmit 0x78 bytes.
Call chain for maximum stack usage:
HAL_SPI_Transmit => SPI_EndRxTxTransaction => SPI_WaitFifoStateUntilTimeout

Maximum Stack Usage for HAL_SPI_TransmitReceive 0x80 bytes.
Call chain for maximum stack usage:
HAL_SPI_TransmitReceive => SPI_EndRxTxTransaction => SPI_WaitFifoStateUntilTimeout

Maximum Stack Usage for HAL_SYSTICK_Config 0x8 bytes.
Call chain for maximum stack usage:
HAL_SYSTICK_Config

Maximum Stack Usage for HAL_UART_IRQHandler 0x28 bytes.
Call chain for maximum stack usage:
HAL_UART_IRQHandler => HAL_DMA_Abort_IT

Maximum Stack Usage for HAL_UART_Init 0x60 bytes.
Call chain for maximum stack usage:
HAL_UART_Init => UART_SetConfig => HAL_RCC_GetSysClockFreq => __aeabi_uldivmod

Maximum Stack Usage for HAL_UART_MspInit 0x38 bytes.
Call chain for maximum stack usage:
HAL_UART_MspInit => HAL_GPIO_Init

Maximum Stack Usage for HAL_UART_Transmit 0x58 bytes.
Call chain for maximum stack usage:
HAL_UART_Transmit => UART_WaitOnFlagUntilTimeout

Maximum Stack Usage for SysTick_Handler 0x8 bytes.
Call chain for maximum stack usage:
SysTick_Handler

Maximum Stack Usage for SystemClock_Config 0xc0 bytes.
Call chain for maximum stack usage:
SystemClock_Config => HAL_RCC_ClockConfig => HAL_RCC_GetSysClockFreq => __aeabi_uldivmod

Maximum Stack Usage for UART_AdvFeatureConfig 0x8 bytes.
Call chain for maximum stack usage:
UART_AdvFeatureConfig

Maximum Stack Usage for UART_CheckIdleState 0x40 bytes.
Call chain for maximum stack usage:
UART_CheckIdleState => UART_WaitOnFlagUntilTimeout

Maximum Stack Usage for UART_SetConfig 0x58 bytes.
Call chain for maximum stack usage:
UART_SetConfig => HAL_RCC_GetSysClockFreq => __aeabi_uldivmod

Maximum Stack Usage for UART_WaitOnFlagUntilTimeout 0x28 bytes.
Call chain for maximum stack usage:
UART_WaitOnFlagUntilTimeout

Maximum Stack Usage for USART1_IRQHandler 0x70 bytes.
Call chain for maximum stack usage:
USART1_IRQHandler => UartRxAnalyze => HAL_UART_Transmit => UART_WaitOnFlagUntilTimeout

Maximum Stack Usage for UartRxAnalyze 0x68 bytes.
Call chain for maximum stack usage:
UartRxAnalyze => HAL_UART_Transmit => UART_WaitOnFlagUntilTimeout

Maximum Stack Usage for __ARM_common_ll_muluu 0x18 bytes.
Call chain for maximum stack usage:
__ARM_common_ll_muluu

Maximum Stack Usage for __ARM_common_switch8 0x8 bytes.
Call chain for maximum stack usage:
__ARM_common_switch8

Maximum Stack Usage for main 0x118 bytes.
Call chain for maximum stack usage:
main => SystemClock_Config => HAL_RCC_ClockConfig => HAL_RCC_GetSysClockFreq => __aeabi_uldivmod

Stack Usage for functions.

Stack Usage for __main 0x0 bytes.
Stack Usage for __scatterload unknown bytes.
Stack Usage for __scatterload_rt2 unknown bytes.
Stack Usage for __scatterload_rt2_thumb_only unknown bytes.
Stack Usage for __scatterload_null unknown bytes.
Stack Usage for __scatterload_copy unknown bytes.
Stack Usage for __scatterload_zeroinit unknown bytes.
Stack Usage for __rt_lib_init unknown bytes.
Stack Usage for __rt_lib_init_alloca_1 unknown bytes.
Stack Usage for __rt_lib_init_argv_1 unknown bytes.
Stack Usage for __rt_lib_init_atexit_1 unknown bytes.
Stack Usage for __rt_lib_init_clock_1 unknown bytes.
Stack Usage for __rt_lib_init_cpp_1 unknown bytes.
Stack Usage for __rt_lib_init_exceptions_1 unknown bytes.
Stack Usage for __rt_lib_init_fp_1 unknown bytes.
Stack Usage for __rt_lib_init_fp_trap_1 unknown bytes.
Stack Usage for __rt_lib_init_getenv_1 unknown bytes.
Stack Usage for __rt_lib_init_heap_1 unknown bytes.
Stack Usage for __rt_lib_init_lc_collate_1 unknown bytes.
Stack Usage for __rt_lib_init_lc_ctype_1 unknown bytes.
Stack Usage for __rt_lib_init_lc_monetary_1 unknown bytes.
Stack Usage for __rt_lib_init_lc_numeric_1 unknown bytes.
Stack Usage for __rt_lib_init_lc_time_1 unknown bytes.
Stack Usage for __rt_lib_init_preinit_1 unknown bytes.
Stack Usage for __rt_lib_init_rand_1 unknown bytes.
Stack Usage for __rt_lib_init_return unknown bytes.
Stack Usage for __rt_lib_init_signal_1 unknown bytes.
Stack Usage for __rt_lib_init_stdio_1 unknown bytes.
Stack Usage for __rt_lib_init_user_alloc_1 unknown bytes.
Stack Usage for __rt_lib_shutdown unknown bytes.
Stack Usage for __rt_lib_shutdown_cpp_1 unknown bytes.
Stack Usage for __rt_lib_shutdown_fini_1 unknown bytes.
Stack Usage for __rt_lib_shutdown_fp_trap_1 unknown bytes.
Stack Usage for __rt_lib_shutdown_heap_1 unknown bytes.
Stack Usage for __rt_lib_shutdown_return unknown bytes.
Stack Usage for __rt_lib_shutdown_signal_1 unknown bytes.
Stack Usage for __rt_lib_shutdown_stdio_1 unknown bytes.
Stack Usage for __rt_lib_shutdown_user_alloc_1 unknown bytes.
Stack Usage for __rt_entry unknown bytes.
Stack Usage for __rt_entry_presh_1 unknown bytes.
Stack Usage for __rt_entry_sh unknown bytes.
Stack Usage for __rt_entry_li unknown bytes.
Stack Usage for __rt_entry_postsh_1 unknown bytes.
Stack Usage for __rt_entry_main unknown bytes.
Stack Usage for __rt_entry_postli_1 unknown bytes.
Stack Usage for __rt_exit unknown bytes.
Stack Usage for __rt_exit_ls unknown bytes.
Stack Usage for __rt_exit_prels_1 unknown bytes.
Stack Usage for __rt_exit_exit unknown bytes.
Stack Usage for Reset_Handler 0x0 bytes.
Stack Usage for ADC1_IRQHandler 0x0 bytes.
Stack Usage for DMA1_Channel1_IRQHandler 0x0 bytes.
Stack Usage for DMA1_Channel2_3_IRQHandler 0x0 bytes.
Stack Usage for DMA1_Channel4_5_IRQHandler 0x0 bytes.
Stack Usage for EXTI0_1_IRQHandler 0x0 bytes.
Stack Usage for EXTI2_3_IRQHandler 0x0 bytes.
Stack Usage for EXTI4_15_IRQHandler 0x0 bytes.
Stack Usage for FLASH_IRQHandler 0x0 bytes.
Stack Usage for I2C1_IRQHandler 0x0 bytes.
Stack Usage for I2C2_IRQHandler 0x0 bytes.
Stack Usage for RCC_IRQHandler 0x0 bytes.
Stack Usage for RTC_IRQHandler 0x0 bytes.
Stack Usage for SPI1_IRQHandler 0x0 bytes.
Stack Usage for SPI2_IRQHandler 0x0 bytes.
Stack Usage for TIM14_IRQHandler 0x0 bytes.
Stack Usage for TIM15_IRQHandler 0x0 bytes.
Stack Usage for TIM16_IRQHandler 0x0 bytes.
Stack Usage for TIM17_IRQHandler 0x0 bytes.
Stack Usage for TIM1_BRK_UP_TRG_COM_IRQHandler 0x0 bytes.
Stack Usage for TIM1_CC_IRQHandler 0x0 bytes.
Stack Usage for TIM3_IRQHandler 0x0 bytes.
Stack Usage for TIM6_IRQHandler 0x0 bytes.
Stack Usage for USART2_IRQHandler 0x0 bytes.
Stack Usage for WWDG_IRQHandler 0x0 bytes.
Stack Usage for __user_initial_stackheap unknown bytes.
Stack Usage for __aeabi_uldivmod 0x20 bytes.
Stack Usage for _ll_udiv 0x20 bytes.
Stack Usage for _memset_w 0x0 bytes.
Stack Usage for _memset 0x0 bytes.
Stack Usage for __aeabi_memclr 0x0 bytes.
Stack Usage for __rt_memclr 0x0 bytes.
Stack Usage for __aeabi_memclr4 0x0 bytes.
Stack Usage for __aeabi_memclr8 0x0 bytes.
Stack Usage for __rt_memclr_w 0x0 bytes.
Stack Usage for __aeabi_uidiv 0x0 bytes.
Stack Usage for __aeabi_uidivmod 0x0 bytes.
Stack Usage for __aeabi_idiv 0x8 bytes.
Stack Usage for __aeabi_idivmod 0x8 bytes.
Stack Usage for __use_two_region_memory 0x0 bytes.
Stack Usage for __rt_heap_escrow$2region 0x0 bytes.
Stack Usage for __rt_heap_expand$2region 0x0 bytes.
Stack Usage for __user_setup_stackheap 0x8 bytes.
Stack Usage for exit 0x8 bytes.
Stack Usage for __user_libspace 0x0 bytes.
Stack Usage for __user_perproc_libspace 0x0 bytes.
Stack Usage for __user_perthread_libspace 0x0 bytes.
Stack Usage for _sys_exit 0x0 bytes.
Stack Usage for __I$use$semihosting 0x0 bytes.
Stack Usage for __use_no_semihosting_swi 0x0 bytes.
Stack Usage for HAL_DMA_Abort 0xc bytes.
Stack Usage for __semihosting_library_function 0xc bytes.
Stack Usage for HAL_DMA_Abort_IT 0x10 bytes.
Stack Usage for HAL_GPIO_DeInit 0x14 bytes.
Stack Usage for HAL_GPIO_Init 0x18 bytes.
Stack Usage for HAL_GPIO_WritePin 0x0 bytes.
Stack Usage for HAL_GetTick 0x0 bytes.
Stack Usage for HAL_I2CEx_ConfigAnalogFilter 0x10 bytes.
Stack Usage for HAL_I2CEx_ConfigDigitalFilter 0x10 bytes.
Stack Usage for HAL_I2C_DeInit 0x10 bytes.
Stack Usage for HAL_I2C_Init 0x10 bytes.
Stack Usage for HAL_I2C_Master_Receive 0x28 bytes.
Stack Usage for HAL_I2C_Master_Transmit 0x28 bytes.
Stack Usage for HAL_I2C_MspDeInit 0x8 bytes.
Stack Usage for HAL_I2C_MspInit 0x20 bytes.
Stack Usage for HAL_IWDG_Init 0x10 bytes.
Stack Usage for HAL_IWDG_Refresh 0x0 bytes.
Stack Usage for HAL_IncTick 0x0 bytes.
Stack Usage for HAL_Init 0x8 bytes.
Stack Usage for HAL_InitTick 0x10 bytes.
Stack Usage for HAL_MspInit 0x8 bytes.
Stack Usage for HAL_NVIC_EnableIRQ 0x0 bytes.
Stack Usage for HAL_NVIC_SetPriority 0x8 bytes.
Stack Usage for HAL_RCCEx_PeriphCLKConfig 0x18 bytes.
Stack Usage for HAL_RCC_ClockConfig 0x18 bytes.
Stack Usage for HAL_RCC_GetPCLK1Freq 0x0 bytes.
Stack Usage for HAL_RCC_GetSysClockFreq 0x28 bytes.
Stack Usage for HAL_RCC_OscConfig 0x20 bytes.
Stack Usage for HAL_SPI_Init 0x18 bytes.
Stack Usage for HAL_SPI_MspInit 0x28 bytes.
Stack Usage for HAL_SPI_Receive 0x28 bytes.
Stack Usage for HAL_SPI_Transmit 0x28 bytes.
Stack Usage for HAL_SPI_TransmitReceive 0x30 bytes.
Stack Usage for HAL_SYSTICK_Config 0x8 bytes.
Stack Usage for HAL_UARTEx_RxEventCallback 0x0 bytes.
Stack Usage for HAL_UART_ErrorCallback 0x0 bytes.
Stack Usage for HAL_UART_IRQHandler 0x18 bytes.
Stack Usage for HAL_UART_Init 0x8 bytes.
Stack Usage for HAL_UART_MspInit 0x20 bytes.
Stack Usage for HAL_UART_Transmit 0x30 bytes.
Stack Usage for HAL_UART_TxCpltCallback 0x0 bytes.
Stack Usage for HardFault_Handler 0x0 bytes.
Stack Usage for NMI_Handler 0x0 bytes.
Stack Usage for PendSV_Handler 0x0 bytes.
Stack Usage for SVC_Handler 0x0 bytes.
Stack Usage for SysTick_Handler 0x8 bytes.
Stack Usage for SystemClock_Config 0x60 bytes.
Stack Usage for SystemInit 0x0 bytes.
Stack Usage for UART_AdvFeatureConfig 0x8 bytes.
Stack Usage for UART_CheckIdleState 0x18 bytes.
Stack Usage for UART_SetConfig 0x10 bytes.
Stack Usage for UART_WaitOnFlagUntilTimeout 0x28 bytes.
Stack Usage for USART1_IRQHandler 0x8 bytes.
Stack Usage for UartRxAnalyze 0x10 bytes.
Stack Usage for __ARM_common_ll_muluu 0x18 bytes.
Stack Usage for __ARM_common_switch8 0x8 bytes.
Stack Usage for main 0x58 bytes.
Stack Usage for MX_GPIO_Init 0x30 bytes.
Stack Usage for MX_I2C2_Init 0x8 bytes.
Stack Usage for MX_SPI1_Init 0x8 bytes.
Stack Usage for MX_SPI2_Init 0x8 bytes.
Stack Usage for MX_USART1_UART_Init 0x8 bytes.
Stack Usage for I2C_Flush_TXDR 0x0 bytes.
Stack Usage for I2C_IsAcknowledgeFailed 0x20 bytes.
Stack Usage for I2C_TransferConfig 0x14 bytes.
Stack Usage for I2C_WaitOnFlagUntilTimeout 0x18 bytes.
Stack Usage for I2C_WaitOnRXNEFlagUntilTimeout 0x20 bytes.
Stack Usage for I2C_WaitOnSTOPFlagUntilTimeout 0x10 bytes.
Stack Usage for I2C_WaitOnTXISFlagUntilTimeout 0x10 bytes.
Stack Usage for __NVIC_SetPriority 0x0 bytes.
Stack Usage for SPI_EndRxTransaction 0x28 bytes.
Stack Usage for SPI_EndRxTxTransaction 0x18 bytes.
Stack Usage for SPI_WaitFifoStateUntilTimeout 0x38 bytes.
Stack Usage for SPI_WaitFlagStateUntilTimeout 0x28 bytes.
Stack Usage for UART_DMAAbortOnError 0x8 bytes.
Stack Usage for UART_EndRxTransfer 0x8 bytes.

Potential Stack Usage Inaccuracies.

Functions with no stack size information.

 * __user_initial_stackheap

Mutually recursive functions.

 * ADC1_IRQHandler => ADC1_IRQHandler
 * HardFault_Handler => HardFault_Handler
 * NMI_Handler => NMI_Handler

Untraceable function pointers.

 * ADC1_IRQHandler from startup_stm32f030x8.o(.text) referenced from startup_stm32f030x8.o(RESET)
 * DMA1_Channel1_IRQHandler from startup_stm32f030x8.o(.text) referenced from startup_stm32f030x8.o(RESET)
 * DMA1_Channel2_3_IRQHandler from startup_stm32f030x8.o(.text) referenced from startup_stm32f030x8.o(RESET)
 * DMA1_Channel4_5_IRQHandler from startup_stm32f030x8.o(.text) referenced from startup_stm32f030x8.o(RESET)
 * EXTI0_1_IRQHandler from startup_stm32f030x8.o(.text) referenced from startup_stm32f030x8.o(RESET)
 * EXTI2_3_IRQHandler from startup_stm32f030x8.o(.text) referenced from startup_stm32f030x8.o(RESET)
 * EXTI4_15_IRQHandler from startup_stm32f030x8.o(.text) referenced from startup_stm32f030x8.o(RESET)
 * FLASH_IRQHandler from startup_stm32f030x8.o(.text) referenced from startup_stm32f030x8.o(RESET)
 * HardFault_Handler from stm32f0xx_it.o(i.HardFault_Handler) referenced from startup_stm32f030x8.o(RESET)
 * I2C1_IRQHandler from startup_stm32f030x8.o(.text) referenced from startup_stm32f030x8.o(RESET)
 * I2C2_IRQHandler from startup_stm32f030x8.o(.text) referenced from startup_stm32f030x8.o(RESET)
 * NMI_Handler from stm32f0xx_it.o(i.NMI_Handler) referenced from startup_stm32f030x8.o(RESET)
 * PendSV_Handler from stm32f0xx_it.o(i.PendSV_Handler) referenced from startup_stm32f030x8.o(RESET)
 * RCC_IRQHandler from startup_stm32f030x8.o(.text) referenced from startup_stm32f030x8.o(RESET)
 * RTC_IRQHandler from startup_stm32f030x8.o(.text) referenced from startup_stm32f030x8.o(RESET)
 * Reset_Handler from startup_stm32f030x8.o(.text) referenced from startup_stm32f030x8.o(RESET)
 * SPI1_IRQHandler from startup_stm32f030x8.o(.text) referenced from startup_stm32f030x8.o(RESET)
 * SPI2_IRQHandler from startup_stm32f030x8.o(.text) referenced from startup_stm32f030x8.o(RESET)
 * SVC_Handler from stm32f0xx_it.o(i.SVC_Handler) referenced from startup_stm32f030x8.o(RESET)
 * SysTick_Handler from stm32f0xx_it.o(i.SysTick_Handler) referenced from startup_stm32f030x8.o(RESET)
 * SystemInit from system_stm32f0xx.o(i.SystemInit) referenced from startup_stm32f030x8.o(.text)
 * TIM14_IRQHandler from startup_stm32f030x8.o(.text) referenced from startup_stm32f030x8.o(RESET)
 * TIM15_IRQHandler from startup_stm32f030x8.o(.text) referenced from startup_stm32f030x8.o(RESET)
 * TIM16_IRQHandler from startup_stm32f030x8.o(.text) referenced from startup_stm32f030x8.o(RESET)
 * TIM17_IRQHandler from startup_stm32f030x8.o(.text) referenced from startup_stm32f030x8.o(RESET)
 * TIM1_BRK_UP_TRG_COM_IRQHandler from startup_stm32f030x8.o(.text) referenced from startup_stm32f030x8.o(RESET)
 * TIM1_CC_IRQHandler from startup_stm32f030x8.o(.text) referenced from startup_stm32f030x8.o(RESET)
 * TIM3_IRQHandler from startup_stm32f030x8.o(.text) referenced from startup_stm32f030x8.o(RESET)
 * TIM6_IRQHandler from startup_stm32f030x8.o(.text) referenced from startup_stm32f030x8.o(RESET)
 * UART_DMAAbortOnError from stm32f0xx_hal_uart.o(i.UART_DMAAbortOnError) referenced from stm32f0xx_hal_uart.o(i.HAL_UART_IRQHandler)
 * USART1_IRQHandler from stm32f0xx_it.o(i.USART1_IRQHandler) referenced from startup_stm32f030x8.o(RESET)
 * USART2_IRQHandler from startup_stm32f030x8.o(.text) referenced from startup_stm32f030x8.o(RESET)
 * WWDG_IRQHandler from startup_stm32f030x8.o(.text) referenced from startup_stm32f030x8.o(RESET)
 * __main from __main.o(!!!main) referenced from startup_stm32f030x8.o(.text)

==============================================================================

Image Symbol Table

    Local Symbols

    Symbol Name                              Value     Ov Type        Size  Object(Section)

    ../Core/Src/main.c                       0x00000000   Number         0  main.o ABSOLUTE
    ../Core/Src/stm32f0xx_hal_msp.c          0x00000000   Number         0  stm32f0xx_hal_msp.o ABSOLUTE
    ../Core/Src/stm32f0xx_it.c               0x00000000   Number         0  stm32f0xx_it.o ABSOLUTE
    ../Core/Src/system_stm32f0xx.c           0x00000000   Number         0  system_stm32f0xx.o ABSOLUTE
    ../Drivers/STM32F0xx_HAL_Driver/Src/stm32f0xx_hal.c 0x00000000   Number         0  stm32f0xx_hal.o ABSOLUTE
    ../Drivers/STM32F0xx_HAL_Driver/Src/stm32f0xx_hal_cortex.c 0x00000000   Number         0  stm32f0xx_hal_cortex.o ABSOLUTE
    ../Drivers/STM32F0xx_HAL_Driver/Src/stm32f0xx_hal_dma.c 0x00000000   Number         0  stm32f0xx_hal_dma.o ABSOLUTE
    ../Drivers/STM32F0xx_HAL_Driver/Src/stm32f0xx_hal_exti.c 0x00000000   Number         0  stm32f0xx_hal_exti.o ABSOLUTE
    ../Drivers/STM32F0xx_HAL_Driver/Src/stm32f0xx_hal_flash.c 0x00000000   Number         0  stm32f0xx_hal_flash.o ABSOLUTE
    ../Drivers/STM32F0xx_HAL_Driver/Src/stm32f0xx_hal_flash_ex.c 0x00000000   Number         0  stm32f0xx_hal_flash_ex.o ABSOLUTE
    ../Drivers/STM32F0xx_HAL_Driver/Src/stm32f0xx_hal_gpio.c 0x00000000   Number         0  stm32f0xx_hal_gpio.o ABSOLUTE
    ../Drivers/STM32F0xx_HAL_Driver/Src/stm32f0xx_hal_i2c.c 0x00000000   Number         0  stm32f0xx_hal_i2c.o ABSOLUTE
    ../Drivers/STM32F0xx_HAL_Driver/Src/stm32f0xx_hal_i2c_ex.c 0x00000000   Number         0  stm32f0xx_hal_i2c_ex.o ABSOLUTE
    ../Drivers/STM32F0xx_HAL_Driver/Src/stm32f0xx_hal_iwdg.c 0x00000000   Number         0  stm32f0xx_hal_iwdg.o ABSOLUTE
    ../Drivers/STM32F0xx_HAL_Driver/Src/stm32f0xx_hal_pwr.c 0x00000000   Number         0  stm32f0xx_hal_pwr.o ABSOLUTE
    ../Drivers/STM32F0xx_HAL_Driver/Src/stm32f0xx_hal_pwr_ex.c 0x00000000   Number         0  stm32f0xx_hal_pwr_ex.o ABSOLUTE
    ../Drivers/STM32F0xx_HAL_Driver/Src/stm32f0xx_hal_rcc.c 0x00000000   Number         0  stm32f0xx_hal_rcc.o ABSOLUTE
    ../Drivers/STM32F0xx_HAL_Driver/Src/stm32f0xx_hal_rcc_ex.c 0x00000000   Number         0  stm32f0xx_hal_rcc_ex.o ABSOLUTE
    ../Drivers/STM32F0xx_HAL_Driver/Src/stm32f0xx_hal_spi.c 0x00000000   Number         0  stm32f0xx_hal_spi.o ABSOLUTE
    ../Drivers/STM32F0xx_HAL_Driver/Src/stm32f0xx_hal_spi_ex.c 0x00000000   Number         0  stm32f0xx_hal_spi_ex.o ABSOLUTE
    ../Drivers/STM32F0xx_HAL_Driver/Src/stm32f0xx_hal_tim.c 0x00000000   Number         0  stm32f0xx_hal_tim.o ABSOLUTE
    ../Drivers/STM32F0xx_HAL_Driver/Src/stm32f0xx_hal_tim_ex.c 0x00000000   Number         0  stm32f0xx_hal_tim_ex.o ABSOLUTE
    ../Drivers/STM32F0xx_HAL_Driver/Src/stm32f0xx_hal_uart.c 0x00000000   Number         0  stm32f0xx_hal_uart.o ABSOLUTE
    ../Drivers/STM32F0xx_HAL_Driver/Src/stm32f0xx_hal_uart_ex.c 0x00000000   Number         0  stm32f0xx_hal_uart_ex.o ABSOLUTE
    ../clib/angel/boardlib.s                 0x00000000   Number         0  boardinit3.o ABSOLUTE
    ../clib/angel/boardlib.s                 0x00000000   Number         0  boardshut.o ABSOLUTE
    ../clib/angel/boardlib.s                 0x00000000   Number         0  boardinit1.o ABSOLUTE
    ../clib/angel/boardlib.s                 0x00000000   Number         0  boardinit2.o ABSOLUTE
    ../clib/angel/handlers.s                 0x00000000   Number         0  __scatter_zi.o ABSOLUTE
    ../clib/angel/handlers.s                 0x00000000   Number         0  __scatter_copy.o ABSOLUTE
    ../clib/angel/kernel.s                   0x00000000   Number         0  __rtentry2.o ABSOLUTE
    ../clib/angel/kernel.s                   0x00000000   Number         0  rtexit.o ABSOLUTE
    ../clib/angel/kernel.s                   0x00000000   Number         0  __rtentry.o ABSOLUTE
    ../clib/angel/kernel.s                   0x00000000   Number         0  rtexit2.o ABSOLUTE
    ../clib/angel/kernel.s                   0x00000000   Number         0  __rtentry4.o ABSOLUTE
    ../clib/angel/rt.s                       0x00000000   Number         0  aeabi_ldiv0_sigfpe.o ABSOLUTE
    ../clib/angel/rt.s                       0x00000000   Number         0  rt_raise.o ABSOLUTE
    ../clib/angel/rt.s                       0x00000000   Number         0  aeabi_idiv0.o ABSOLUTE
    ../clib/angel/rt.s                       0x00000000   Number         0  rt_div0.o ABSOLUTE
    ../clib/angel/rt.s                       0x00000000   Number         0  aeabi_idiv0_sigfpe.o ABSOLUTE
    ../clib/angel/rt.s                       0x00000000   Number         0  aeabi_ldiv0.o ABSOLUTE
    ../clib/angel/scatterp.s                 0x00000000   Number         0  __scatter.o ABSOLUTE
    ../clib/angel/startup.s                  0x00000000   Number         0  __main.o ABSOLUTE
    ../clib/angel/sys.s                      0x00000000   Number         0  tempstk.o ABSOLUTE
    ../clib/angel/sys.s                      0x00000000   Number         0  sys_stackheap_outer.o ABSOLUTE
    ../clib/angel/sys.s                      0x00000000   Number         0  indicate_semi.o ABSOLUTE
    ../clib/angel/sys.s                      0x00000000   Number         0  use_no_semi.o ABSOLUTE
    ../clib/angel/sys.s                      0x00000000   Number         0  libspace.o ABSOLUTE
    ../clib/angel/sysapp.c                   0x00000000   Number         0  sys_command.o ABSOLUTE
    ../clib/angel/sysapp.c                   0x00000000   Number         0  sys_exit.o ABSOLUTE
    ../clib/angel/sysapp.c                   0x00000000   Number         0  sys_wrch.o ABSOLUTE
    ../clib/armsys.c                         0x00000000   Number         0  argv_veneer.o ABSOLUTE
    ../clib/armsys.c                         0x00000000   Number         0  _get_argv_nomalloc.o ABSOLUTE
    ../clib/armsys.c                         0x00000000   Number         0  no_argv.o ABSOLUTE
    ../clib/division.c                       0x00000000   Number         0  lludiv.o ABSOLUTE
    ../clib/division.s                       0x00000000   Number         0  aeabi_sdiv.o ABSOLUTE
    ../clib/division.s                       0x00000000   Number         0  aeabi_sdiv_div0.o ABSOLUTE
    ../clib/heapalloc.c                      0x00000000   Number         0  hrguard.o ABSOLUTE
    ../clib/heapaux.c                        0x00000000   Number         0  heapauxi.o ABSOLUTE
    ../clib/libinit.s                        0x00000000   Number         0  libshutdown2.o ABSOLUTE
    ../clib/libinit.s                        0x00000000   Number         0  libinit.o ABSOLUTE
    ../clib/libinit.s                        0x00000000   Number         0  libshutdown.o ABSOLUTE
    ../clib/libinit.s                        0x00000000   Number         0  libinit2.o ABSOLUTE
    ../clib/longlong.c                       0x00000000   Number         0  llushr.o ABSOLUTE
    ../clib/memcpset.c                       0x00000000   Number         0  rt_memclr.o ABSOLUTE
    ../clib/signal.c                         0x00000000   Number         0  defsig_rtmem_outer.o ABSOLUTE
    ../clib/signal.c                         0x00000000   Number         0  defsig_rtmem_formal.o ABSOLUTE
    ../clib/signal.c                         0x00000000   Number         0  defsig_abrt_inner.o ABSOLUTE
    ../clib/signal.c                         0x00000000   Number         0  defsig_stak_inner.o ABSOLUTE
    ../clib/signal.c                         0x00000000   Number         0  defsig_rtred_inner.o ABSOLUTE
    ../clib/signal.c                         0x00000000   Number         0  defsig_general.o ABSOLUTE
    ../clib/signal.c                         0x00000000   Number         0  __raise.o ABSOLUTE
    ../clib/signal.c                         0x00000000   Number         0  defsig_rtmem_inner.o ABSOLUTE
    ../clib/signal.c                         0x00000000   Number         0  defsig_cppl_inner.o ABSOLUTE
    ../clib/signal.c                         0x00000000   Number         0  defsig_segv_inner.o ABSOLUTE
    ../clib/signal.c                         0x00000000   Number         0  defsig_pvfn_inner.o ABSOLUTE
    ../clib/signal.c                         0x00000000   Number         0  defsig_fpe_inner.o ABSOLUTE
    ../clib/signal.c                         0x00000000   Number         0  defsig_exit.o ABSOLUTE
    ../clib/signal.c                         0x00000000   Number         0  defsig_fpe_formal.o ABSOLUTE
    ../clib/signal.c                         0x00000000   Number         0  defsig_fpe_outer.o ABSOLUTE
    ../clib/signal.c                         0x00000000   Number         0  defsig_other.o ABSOLUTE
    ../clib/signal.s                         0x00000000   Number         0  defsig.o ABSOLUTE
    ../clib/stdlib.c                         0x00000000   Number         0  exit.o ABSOLUTE
    ../fplib/cfplib/fpinit.c                 0x00000000   Number         0  fpinit.o ABSOLUTE
    ..\Core\Src\main.c                       0x00000000   Number         0  main.o ABSOLUTE
    ..\Core\Src\stm32f0xx_hal_msp.c          0x00000000   Number         0  stm32f0xx_hal_msp.o ABSOLUTE
    ..\Core\Src\stm32f0xx_it.c               0x00000000   Number         0  stm32f0xx_it.o ABSOLUTE
    ..\Core\Src\system_stm32f0xx.c           0x00000000   Number         0  system_stm32f0xx.o ABSOLUTE
    ..\Drivers\STM32F0xx_HAL_Driver\Src\stm32f0xx_hal.c 0x00000000   Number         0  stm32f0xx_hal.o ABSOLUTE
    ..\Drivers\STM32F0xx_HAL_Driver\Src\stm32f0xx_hal_cortex.c 0x00000000   Number         0  stm32f0xx_hal_cortex.o ABSOLUTE
    ..\Drivers\STM32F0xx_HAL_Driver\Src\stm32f0xx_hal_dma.c 0x00000000   Number         0  stm32f0xx_hal_dma.o ABSOLUTE
    ..\Drivers\STM32F0xx_HAL_Driver\Src\stm32f0xx_hal_exti.c 0x00000000   Number         0  stm32f0xx_hal_exti.o ABSOLUTE
    ..\Drivers\STM32F0xx_HAL_Driver\Src\stm32f0xx_hal_flash.c 0x00000000   Number         0  stm32f0xx_hal_flash.o ABSOLUTE
    ..\Drivers\STM32F0xx_HAL_Driver\Src\stm32f0xx_hal_flash_ex.c 0x00000000   Number         0  stm32f0xx_hal_flash_ex.o ABSOLUTE
    ..\Drivers\STM32F0xx_HAL_Driver\Src\stm32f0xx_hal_gpio.c 0x00000000   Number         0  stm32f0xx_hal_gpio.o ABSOLUTE
    ..\Drivers\STM32F0xx_HAL_Driver\Src\stm32f0xx_hal_i2c.c 0x00000000   Number         0  stm32f0xx_hal_i2c.o ABSOLUTE
    ..\Drivers\STM32F0xx_HAL_Driver\Src\stm32f0xx_hal_i2c_ex.c 0x00000000   Number         0  stm32f0xx_hal_i2c_ex.o ABSOLUTE
    ..\Drivers\STM32F0xx_HAL_Driver\Src\stm32f0xx_hal_iwdg.c 0x00000000   Number         0  stm32f0xx_hal_iwdg.o ABSOLUTE
    ..\Drivers\STM32F0xx_HAL_Driver\Src\stm32f0xx_hal_pwr.c 0x00000000   Number         0  stm32f0xx_hal_pwr.o ABSOLUTE
    ..\Drivers\STM32F0xx_HAL_Driver\Src\stm32f0xx_hal_pwr_ex.c 0x00000000   Number         0  stm32f0xx_hal_pwr_ex.o ABSOLUTE
    ..\Drivers\STM32F0xx_HAL_Driver\Src\stm32f0xx_hal_rcc.c 0x00000000   Number         0  stm32f0xx_hal_rcc.o ABSOLUTE
    ..\Drivers\STM32F0xx_HAL_Driver\Src\stm32f0xx_hal_rcc_ex.c 0x00000000   Number         0  stm32f0xx_hal_rcc_ex.o ABSOLUTE
    ..\Drivers\STM32F0xx_HAL_Driver\Src\stm32f0xx_hal_spi.c 0x00000000   Number         0  stm32f0xx_hal_spi.o ABSOLUTE
    ..\Drivers\STM32F0xx_HAL_Driver\Src\stm32f0xx_hal_spi_ex.c 0x00000000   Number         0  stm32f0xx_hal_spi_ex.o ABSOLUTE
    ..\Drivers\STM32F0xx_HAL_Driver\Src\stm32f0xx_hal_tim.c 0x00000000   Number         0  stm32f0xx_hal_tim.o ABSOLUTE
    ..\Drivers\STM32F0xx_HAL_Driver\Src\stm32f0xx_hal_tim_ex.c 0x00000000   Number         0  stm32f0xx_hal_tim_ex.o ABSOLUTE
    ..\Drivers\STM32F0xx_HAL_Driver\Src\stm32f0xx_hal_uart.c 0x00000000   Number         0  stm32f0xx_hal_uart.o ABSOLUTE
    ..\Drivers\STM32F0xx_HAL_Driver\Src\stm32f0xx_hal_uart_ex.c 0x00000000   Number         0  stm32f0xx_hal_uart_ex.o ABSOLUTE
    dc.s                                     0x00000000   Number         0  dc.o ABSOLUTE
    startup_stm32f030x8.s                    0x00000000   Number         0  startup_stm32f030x8.o ABSOLUTE
    RESET                                    0x08000000   Section      180  startup_stm32f030x8.o(RESET)
    !!!main                                  0x080000b4   Section        8  __main.o(!!!main)
    !!!scatter                               0x080000bc   Section       60  __scatter.o(!!!scatter)
    !!handler_copy                           0x080000f8   Section       26  __scatter_copy.o(!!handler_copy)
    !!handler_zi                             0x08000114   Section       28  __scatter_zi.o(!!handler_zi)
    .ARM.Collect$$libinit$$00000000          0x08000130   Section        2  libinit.o(.ARM.Collect$$libinit$$00000000)
    .ARM.Collect$$libinit$$00000002          0x08000132   Section        0  libinit2.o(.ARM.Collect$$libinit$$00000002)
    .ARM.Collect$$libinit$$00000004          0x08000132   Section        0  libinit2.o(.ARM.Collect$$libinit$$00000004)
    .ARM.Collect$$libinit$$0000000A          0x08000132   Section        0  libinit2.o(.ARM.Collect$$libinit$$0000000A)
    .ARM.Collect$$libinit$$0000000C          0x08000132   Section        0  libinit2.o(.ARM.Collect$$libinit$$0000000C)
    .ARM.Collect$$libinit$$0000000E          0x08000132   Section        0  libinit2.o(.ARM.Collect$$libinit$$0000000E)
    .ARM.Collect$$libinit$$00000011          0x08000132   Section        0  libinit2.o(.ARM.Collect$$libinit$$00000011)
    .ARM.Collect$$libinit$$00000013          0x08000132   Section        0  libinit2.o(.ARM.Collect$$libinit$$00000013)
    .ARM.Collect$$libinit$$00000015          0x08000132   Section        0  libinit2.o(.ARM.Collect$$libinit$$00000015)
    .ARM.Collect$$libinit$$00000017          0x08000132   Section        0  libinit2.o(.ARM.Collect$$libinit$$00000017)
    .ARM.Collect$$libinit$$00000019          0x08000132   Section        0  libinit2.o(.ARM.Collect$$libinit$$00000019)
    .ARM.Collect$$libinit$$0000001B          0x08000132   Section        0  libinit2.o(.ARM.Collect$$libinit$$0000001B)
    .ARM.Collect$$libinit$$0000001D          0x08000132   Section        0  libinit2.o(.ARM.Collect$$libinit$$0000001D)
    .ARM.Collect$$libinit$$0000001F          0x08000132   Section        0  libinit2.o(.ARM.Collect$$libinit$$0000001F)
    .ARM.Collect$$libinit$$00000021          0x08000132   Section        0  libinit2.o(.ARM.Collect$$libinit$$00000021)
    .ARM.Collect$$libinit$$00000023          0x08000132   Section        0  libinit2.o(.ARM.Collect$$libinit$$00000023)
    .ARM.Collect$$libinit$$00000025          0x08000132   Section        0  libinit2.o(.ARM.Collect$$libinit$$00000025)
    .ARM.Collect$$libinit$$0000002C          0x08000132   Section        0  libinit2.o(.ARM.Collect$$libinit$$0000002C)
    .ARM.Collect$$libinit$$0000002E          0x08000132   Section        0  libinit2.o(.ARM.Collect$$libinit$$0000002E)
    .ARM.Collect$$libinit$$00000030          0x08000132   Section        0  libinit2.o(.ARM.Collect$$libinit$$00000030)
    .ARM.Collect$$libinit$$00000032          0x08000132   Section        0  libinit2.o(.ARM.Collect$$libinit$$00000032)
    .ARM.Collect$$libinit$$00000033          0x08000132   Section        2  libinit2.o(.ARM.Collect$$libinit$$00000033)
    .ARM.Collect$$libshutdown$$00000000      0x08000134   Section        2  libshutdown.o(.ARM.Collect$$libshutdown$$00000000)
    .ARM.Collect$$libshutdown$$00000002      0x08000136   Section        0  libshutdown2.o(.ARM.Collect$$libshutdown$$00000002)
    .ARM.Collect$$libshutdown$$00000004      0x08000136   Section        0  libshutdown2.o(.ARM.Collect$$libshutdown$$00000004)
    .ARM.Collect$$libshutdown$$00000006      0x08000136   Section        0  libshutdown2.o(.ARM.Collect$$libshutdown$$00000006)
    .ARM.Collect$$libshutdown$$00000009      0x08000136   Section        0  libshutdown2.o(.ARM.Collect$$libshutdown$$00000009)
    .ARM.Collect$$libshutdown$$0000000C      0x08000136   Section        0  libshutdown2.o(.ARM.Collect$$libshutdown$$0000000C)
    .ARM.Collect$$libshutdown$$0000000E      0x08000136   Section        0  libshutdown2.o(.ARM.Collect$$libshutdown$$0000000E)
    .ARM.Collect$$libshutdown$$00000011      0x08000136   Section        0  libshutdown2.o(.ARM.Collect$$libshutdown$$00000011)
    .ARM.Collect$$libshutdown$$00000012      0x08000136   Section        2  libshutdown2.o(.ARM.Collect$$libshutdown$$00000012)
    .ARM.Collect$$rtentry$$00000000          0x08000138   Section        0  __rtentry.o(.ARM.Collect$$rtentry$$00000000)
    .ARM.Collect$$rtentry$$00000002          0x08000138   Section        0  __rtentry2.o(.ARM.Collect$$rtentry$$00000002)
    .ARM.Collect$$rtentry$$00000004          0x08000138   Section        6  __rtentry4.o(.ARM.Collect$$rtentry$$00000004)
    .ARM.Collect$$rtentry$$00000009          0x0800013e   Section        0  __rtentry2.o(.ARM.Collect$$rtentry$$00000009)
    .ARM.Collect$$rtentry$$0000000A          0x0800013e   Section        4  __rtentry2.o(.ARM.Collect$$rtentry$$0000000A)
    .ARM.Collect$$rtentry$$0000000C          0x08000142   Section        0  __rtentry2.o(.ARM.Collect$$rtentry$$0000000C)
    .ARM.Collect$$rtentry$$0000000D          0x08000142   Section        8  __rtentry2.o(.ARM.Collect$$rtentry$$0000000D)
    .ARM.Collect$$rtexit$$00000000           0x0800014a   Section        2  rtexit.o(.ARM.Collect$$rtexit$$00000000)
    .ARM.Collect$$rtexit$$00000002           0x0800014c   Section        0  rtexit2.o(.ARM.Collect$$rtexit$$00000002)
    .ARM.Collect$$rtexit$$00000003           0x0800014c   Section        4  rtexit2.o(.ARM.Collect$$rtexit$$00000003)
    .ARM.Collect$$rtexit$$00000004           0x08000150   Section        6  rtexit2.o(.ARM.Collect$$rtexit$$00000004)
    .text                                    0x08000158   Section       56  startup_stm32f030x8.o(.text)
    .text                                    0x08000190   Section        0  lludiv.o(.text)
    .text                                    0x08000292   Section        0  rt_memclr.o(.text)
    .text                                    0x080002d2   Section      346  aeabi_sdiv.o(.text)
    .text                                    0x0800042c   Section        0  heapauxi.o(.text)
    .text                                    0x08000432   Section       62  sys_stackheap_outer.o(.text)
    .text                                    0x08000470   Section        0  exit.o(.text)
    .text                                    0x08000480   Section        8  libspace.o(.text)
    .text                                    0x08000488   Section        0  sys_exit.o(.text)
    .text                                    0x08000494   Section        2  use_no_semi.o(.text)
    .text                                    0x08000496   Section        0  indicate_semi.o(.text)
    i.HAL_DMA_Abort                          0x08000496   Section        0  stm32f0xx_hal_dma.o(i.HAL_DMA_Abort)
    i.HAL_DMA_Abort_IT                       0x080004d6   Section        0  stm32f0xx_hal_dma.o(i.HAL_DMA_Abort_IT)
    i.HAL_GPIO_DeInit                        0x08000520   Section        0  stm32f0xx_hal_gpio.o(i.HAL_GPIO_DeInit)
    i.HAL_GPIO_Init                          0x080005f4   Section        0  stm32f0xx_hal_gpio.o(i.HAL_GPIO_Init)
    i.HAL_GPIO_WritePin                      0x08000798   Section        0  stm32f0xx_hal_gpio.o(i.HAL_GPIO_WritePin)
    i.HAL_GetTick                            0x080007a4   Section        0  stm32f0xx_hal.o(i.HAL_GetTick)
    i.HAL_I2CEx_ConfigAnalogFilter           0x080007b0   Section        0  stm32f0xx_hal_i2c_ex.o(i.HAL_I2CEx_ConfigAnalogFilter)
    i.HAL_I2CEx_ConfigDigitalFilter          0x080007fa   Section        0  stm32f0xx_hal_i2c_ex.o(i.HAL_I2CEx_ConfigDigitalFilter)
    i.HAL_I2C_DeInit                         0x08000842   Section        0  stm32f0xx_hal_i2c.o(i.HAL_I2C_DeInit)
    i.HAL_I2C_Init                           0x08000878   Section        0  stm32f0xx_hal_i2c.o(i.HAL_I2C_Init)
    i.HAL_I2C_Master_Receive                 0x0800092c   Section        0  stm32f0xx_hal_i2c.o(i.HAL_I2C_Master_Receive)
    i.HAL_I2C_Master_Transmit                0x08000a3c   Section        0  stm32f0xx_hal_i2c.o(i.HAL_I2C_Master_Transmit)
    i.HAL_I2C_MspDeInit                      0x08000b4c   Section        0  stm32f0xx_hal_msp.o(i.HAL_I2C_MspDeInit)
    i.HAL_I2C_MspInit                        0x08000b84   Section        0  stm32f0xx_hal_msp.o(i.HAL_I2C_MspInit)
    i.HAL_IWDG_Init                          0x08000bec   Section        0  stm32f0xx_hal_iwdg.o(i.HAL_IWDG_Init)
    i.HAL_IWDG_Refresh                       0x08000c58   Section        0  stm32f0xx_hal_iwdg.o(i.HAL_IWDG_Refresh)
    i.HAL_IncTick                            0x08000c68   Section        0  stm32f0xx_hal.o(i.HAL_IncTick)
    i.HAL_Init                               0x08000c78   Section        0  stm32f0xx_hal.o(i.HAL_Init)
    i.HAL_InitTick                           0x08000c98   Section        0  stm32f0xx_hal.o(i.HAL_InitTick)
    i.HAL_MspInit                            0x08000cdc   Section        0  stm32f0xx_hal_msp.o(i.HAL_MspInit)
    i.HAL_NVIC_EnableIRQ                     0x08000d04   Section        0  stm32f0xx_hal_cortex.o(i.HAL_NVIC_EnableIRQ)
    i.HAL_NVIC_SetPriority                   0x08000d1c   Section        0  stm32f0xx_hal_cortex.o(i.HAL_NVIC_SetPriority)
    i.HAL_RCCEx_PeriphCLKConfig              0x08000d24   Section        0  stm32f0xx_hal_rcc_ex.o(i.HAL_RCCEx_PeriphCLKConfig)
    i.HAL_RCC_ClockConfig                    0x08000e0c   Section        0  stm32f0xx_hal_rcc.o(i.HAL_RCC_ClockConfig)
    i.HAL_RCC_GetPCLK1Freq                   0x08000f14   Section        0  stm32f0xx_hal_rcc.o(i.HAL_RCC_GetPCLK1Freq)
    i.HAL_RCC_GetSysClockFreq                0x08000f34   Section        0  stm32f0xx_hal_rcc.o(i.HAL_RCC_GetSysClockFreq)
    i.HAL_RCC_OscConfig                      0x08000fb4   Section        0  stm32f0xx_hal_rcc.o(i.HAL_RCC_OscConfig)
    i.HAL_SPI_Init                           0x0800133c   Section        0  stm32f0xx_hal_spi.o(i.HAL_SPI_Init)
    i.HAL_SPI_MspInit                        0x0800142c   Section        0  stm32f0xx_hal_msp.o(i.HAL_SPI_MspInit)
    i.HAL_SPI_Receive                        0x080014dc   Section        0  stm32f0xx_hal_spi.o(i.HAL_SPI_Receive)
    i.HAL_SPI_Transmit                       0x08001644   Section        0  stm32f0xx_hal_spi.o(i.HAL_SPI_Transmit)
    i.HAL_SPI_TransmitReceive                0x080017a4   Section        0  stm32f0xx_hal_spi.o(i.HAL_SPI_TransmitReceive)
    i.HAL_SYSTICK_Config                     0x08001998   Section        0  stm32f0xx_hal_cortex.o(i.HAL_SYSTICK_Config)
    i.HAL_UARTEx_RxEventCallback             0x080019c8   Section        0  stm32f0xx_hal_uart.o(i.HAL_UARTEx_RxEventCallback)
    i.HAL_UART_ErrorCallback                 0x080019ca   Section        0  stm32f0xx_hal_uart.o(i.HAL_UART_ErrorCallback)
    i.HAL_UART_IRQHandler                    0x080019cc   Section        0  stm32f0xx_hal_uart.o(i.HAL_UART_IRQHandler)
    i.HAL_UART_Init                          0x08001c58   Section        0  stm32f0xx_hal_uart.o(i.HAL_UART_Init)
    i.HAL_UART_MspInit                       0x08001cc4   Section        0  stm32f0xx_hal_msp.o(i.HAL_UART_MspInit)
    i.HAL_UART_Transmit                      0x08001d38   Section        0  stm32f0xx_hal_uart.o(i.HAL_UART_Transmit)
    i.HAL_UART_TxCpltCallback                0x08001e0a   Section        0  stm32f0xx_hal_uart.o(i.HAL_UART_TxCpltCallback)
    i.HardFault_Handler                      0x08001e0c   Section        0  stm32f0xx_it.o(i.HardFault_Handler)
    i.I2C_Flush_TXDR                         0x08001e0e   Section        0  stm32f0xx_hal_i2c.o(i.I2C_Flush_TXDR)
    I2C_Flush_TXDR                           0x08001e0f   Thumb Code    34  stm32f0xx_hal_i2c.o(i.I2C_Flush_TXDR)
    i.I2C_IsAcknowledgeFailed                0x08001e30   Section        0  stm32f0xx_hal_i2c.o(i.I2C_IsAcknowledgeFailed)
    I2C_IsAcknowledgeFailed                  0x08001e31   Thumb Code   130  stm32f0xx_hal_i2c.o(i.I2C_IsAcknowledgeFailed)
    i.I2C_TransferConfig                     0x08001eb8   Section        0  stm32f0xx_hal_i2c.o(i.I2C_TransferConfig)
    I2C_TransferConfig                       0x08001eb9   Thumb Code    34  stm32f0xx_hal_i2c.o(i.I2C_TransferConfig)
    i.I2C_WaitOnFlagUntilTimeout             0x08001ee0   Section        0  stm32f0xx_hal_i2c.o(i.I2C_WaitOnFlagUntilTimeout)
    I2C_WaitOnFlagUntilTimeout               0x08001ee1   Thumb Code    78  stm32f0xx_hal_i2c.o(i.I2C_WaitOnFlagUntilTimeout)
    i.I2C_WaitOnRXNEFlagUntilTimeout         0x08001f30   Section        0  stm32f0xx_hal_i2c.o(i.I2C_WaitOnRXNEFlagUntilTimeout)
    I2C_WaitOnRXNEFlagUntilTimeout           0x08001f31   Thumb Code   122  stm32f0xx_hal_i2c.o(i.I2C_WaitOnRXNEFlagUntilTimeout)
    i.I2C_WaitOnSTOPFlagUntilTimeout         0x08001fb0   Section        0  stm32f0xx_hal_i2c.o(i.I2C_WaitOnSTOPFlagUntilTimeout)
    I2C_WaitOnSTOPFlagUntilTimeout           0x08001fb1   Thumb Code    76  stm32f0xx_hal_i2c.o(i.I2C_WaitOnSTOPFlagUntilTimeout)
    i.I2C_WaitOnTXISFlagUntilTimeout         0x08001ffc   Section        0  stm32f0xx_hal_i2c.o(i.I2C_WaitOnTXISFlagUntilTimeout)
    I2C_WaitOnTXISFlagUntilTimeout           0x08001ffd   Thumb Code    80  stm32f0xx_hal_i2c.o(i.I2C_WaitOnTXISFlagUntilTimeout)
    i.MX_GPIO_Init                           0x0800204c   Section        0  main.o(i.MX_GPIO_Init)
    MX_GPIO_Init                             0x0800204d   Thumb Code   192  main.o(i.MX_GPIO_Init)
    i.MX_I2C2_Init                           0x08002118   Section        0  main.o(i.MX_I2C2_Init)
    MX_I2C2_Init                             0x08002119   Thumb Code    76  main.o(i.MX_I2C2_Init)
    i.MX_SPI1_Init                           0x08002170   Section        0  main.o(i.MX_SPI1_Init)
    MX_SPI1_Init                             0x08002171   Thumb Code    70  main.o(i.MX_SPI1_Init)
    i.MX_SPI2_Init                           0x080021c0   Section        0  main.o(i.MX_SPI2_Init)
    MX_SPI2_Init                             0x080021c1   Thumb Code    66  main.o(i.MX_SPI2_Init)
    i.MX_USART1_UART_Init                    0x0800220c   Section        0  main.o(i.MX_USART1_UART_Init)
    MX_USART1_UART_Init                      0x0800220d   Thumb Code    48  main.o(i.MX_USART1_UART_Init)
    i.NMI_Handler                            0x08002244   Section        0  stm32f0xx_it.o(i.NMI_Handler)
    i.PendSV_Handler                         0x08002246   Section        0  stm32f0xx_it.o(i.PendSV_Handler)
    i.SPI_EndRxTransaction                   0x08002248   Section        0  stm32f0xx_hal_spi.o(i.SPI_EndRxTransaction)
    SPI_EndRxTransaction                     0x08002249   Thumb Code   120  stm32f0xx_hal_spi.o(i.SPI_EndRxTransaction)
    i.SPI_EndRxTxTransaction                 0x080022c0   Section        0  stm32f0xx_hal_spi.o(i.SPI_EndRxTxTransaction)
    SPI_EndRxTxTransaction                   0x080022c1   Thumb Code    76  stm32f0xx_hal_spi.o(i.SPI_EndRxTxTransaction)
    i.SPI_WaitFifoStateUntilTimeout          0x0800230c   Section        0  stm32f0xx_hal_spi.o(i.SPI_WaitFifoStateUntilTimeout)
    SPI_WaitFifoStateUntilTimeout            0x0800230d   Thumb Code   212  stm32f0xx_hal_spi.o(i.SPI_WaitFifoStateUntilTimeout)
    i.SPI_WaitFlagStateUntilTimeout          0x080023e4   Section        0  stm32f0xx_hal_spi.o(i.SPI_WaitFlagStateUntilTimeout)
    SPI_WaitFlagStateUntilTimeout            0x080023e5   Thumb Code   180  stm32f0xx_hal_spi.o(i.SPI_WaitFlagStateUntilTimeout)
    i.SVC_Handler                            0x0800249c   Section        0  stm32f0xx_it.o(i.SVC_Handler)
    i.SysTick_Handler                        0x080024a0   Section        0  stm32f0xx_it.o(i.SysTick_Handler)
    i.SystemClock_Config                     0x080024c8   Section        0  main.o(i.SystemClock_Config)
    i.SystemInit                             0x08002540   Section        0  system_stm32f0xx.o(i.SystemInit)
    i.UART_AdvFeatureConfig                  0x08002542   Section        0  stm32f0xx_hal_uart.o(i.UART_AdvFeatureConfig)
    i.UART_CheckIdleState                    0x0800260c   Section        0  stm32f0xx_hal_uart.o(i.UART_CheckIdleState)
    i.UART_DMAAbortOnError                   0x08002670   Section        0  stm32f0xx_hal_uart.o(i.UART_DMAAbortOnError)
    UART_DMAAbortOnError                     0x08002671   Thumb Code    20  stm32f0xx_hal_uart.o(i.UART_DMAAbortOnError)
    i.UART_EndRxTransfer                     0x08002684   Section        0  stm32f0xx_hal_uart.o(i.UART_EndRxTransfer)
    UART_EndRxTransfer                       0x08002685   Thumb Code    94  stm32f0xx_hal_uart.o(i.UART_EndRxTransfer)
    i.UART_SetConfig                         0x080026e4   Section        0  stm32f0xx_hal_uart.o(i.UART_SetConfig)
    i.UART_WaitOnFlagUntilTimeout            0x08002818   Section        0  stm32f0xx_hal_uart.o(i.UART_WaitOnFlagUntilTimeout)
    i.USART1_IRQHandler                      0x080028ec   Section        0  stm32f0xx_it.o(i.USART1_IRQHandler)
    i.UartRxAnalyze                          0x0800292c   Section        0  main.o(i.UartRxAnalyze)
    i.__ARM_common_ll_muluu                  0x08002a0c   Section        0  stm32f0xx_hal_rcc.o(i.__ARM_common_ll_muluu)
    i.__ARM_common_switch8                   0x08002a3c   Section        0  main.o(i.__ARM_common_switch8)
    i.__NVIC_SetPriority                     0x08002a58   Section        0  stm32f0xx_hal_cortex.o(i.__NVIC_SetPriority)
    __NVIC_SetPriority                       0x08002a59   Thumb Code    60  stm32f0xx_hal_cortex.o(i.__NVIC_SetPriority)
    i.main                                   0x08002a9c   Section        0  main.o(i.main)
    .constdata                               0x08002f30   Section      384  main.o(.constdata)
    .constdata                               0x080030b0   Section       16  system_stm32f0xx.o(.constdata)
    .constdata                               0x080030c0   Section        8  system_stm32f0xx.o(.constdata)
    .data                                    0x20000000   Section      111  main.o(.data)
    .data                                    0x20000070   Section        2  main.o(.data)
    .data                                    0x20000072   Section        1  stm32f0xx_it.o(.data)
    .data                                    0x20000074   Section       12  stm32f0xx_hal.o(.data)
    .data                                    0x20000080   Section        4  system_stm32f0xx.o(.data)
    .bss                                     0x20000084   Section      564  main.o(.bss)
    .bss                                     0x200002b8   Section       96  libspace.o(.bss)
    HEAP                                     0x20000318   Section      512  startup_stm32f030x8.o(HEAP)
    Heap_Mem                                 0x20000318   Data         512  startup_stm32f030x8.o(HEAP)
    STACK                                    0x20000518   Section     1024  startup_stm32f030x8.o(STACK)
    Stack_Mem                                0x20000518   Data        1024  startup_stm32f030x8.o(STACK)
    __initial_sp                             0x20000918   Data           0  startup_stm32f030x8.o(STACK)

    Global Symbols

    Symbol Name                              Value     Ov Type        Size  Object(Section)

    BuildAttributes$$THM_ISAv3M$S$PE$A:L22$X:L11$S22$IEEE1$IW$USESV6$~STKCKD$USESV7$~SHL$OSPACE$ROPI$EBA8$UX$STANDARDLIB$REQ8$PRES8$EABIv2 0x00000000   Number         0  anon$$obj.o ABSOLUTE
    __ARM_use_no_argv                        0x00000000   Number         0  main.o ABSOLUTE
    __ARM_exceptions_init                     - Undefined Weak Reference
    __alloca_initialize                       - Undefined Weak Reference
    __arm_fini_                               - Undefined Weak Reference
    __arm_preinit_                            - Undefined Weak Reference
    __cpp_initialize__aeabi_                  - Undefined Weak Reference
    __cxa_finalize                            - Undefined Weak Reference
    __rt_locale                               - Undefined Weak Reference
    __sigvec_lookup                           - Undefined Weak Reference
    _atexit_init                              - Undefined Weak Reference
    _call_atexit_fns                          - Undefined Weak Reference
    _clock_init                               - Undefined Weak Reference
    _fp_trap_init                             - Undefined Weak Reference
    _fp_trap_shutdown                         - Undefined Weak Reference
    _get_lc_collate                           - Undefined Weak Reference
    _get_lc_ctype                             - Undefined Weak Reference
    _get_lc_monetary                          - Undefined Weak Reference
    _get_lc_numeric                           - Undefined Weak Reference
    _get_lc_time                              - Undefined Weak Reference
    _getenv_init                              - Undefined Weak Reference
    _handle_redirection                       - Undefined Weak Reference
    _init_alloc                               - Undefined Weak Reference
    _init_user_alloc                          - Undefined Weak Reference
    _initio                                   - Undefined Weak Reference
    _rand_init                                - Undefined Weak Reference
    _signal_finish                            - Undefined Weak Reference
    _signal_init                              - Undefined Weak Reference
    _terminate_alloc                          - Undefined Weak Reference
    _terminate_user_alloc                     - Undefined Weak Reference
    _terminateio                              - Undefined Weak Reference
    __Vectors_Size                           0x000000b4   Number         0  startup_stm32f030x8.o ABSOLUTE
    __Vectors                                0x08000000   Data           4  startup_stm32f030x8.o(RESET)
    __Vectors_End                            0x080000b4   Data           0  startup_stm32f030x8.o(RESET)
    __main                                   0x080000b5   Thumb Code     8  __main.o(!!!main)
    __scatterload                            0x080000bd   Thumb Code     0  __scatter.o(!!!scatter)
    __scatterload_rt2                        0x080000bd   Thumb Code    52  __scatter.o(!!!scatter)
    __scatterload_rt2_thumb_only             0x080000bd   Thumb Code     0  __scatter.o(!!!scatter)
    __scatterload_null                       0x080000cd   Thumb Code     0  __scatter.o(!!!scatter)
    __scatterload_copy                       0x080000f9   Thumb Code    26  __scatter_copy.o(!!handler_copy)
    __scatterload_zeroinit                   0x08000115   Thumb Code    28  __scatter_zi.o(!!handler_zi)
    __rt_lib_init                            0x08000131   Thumb Code     0  libinit.o(.ARM.Collect$$libinit$$00000000)
    __rt_lib_init_alloca_1                   0x08000133   Thumb Code     0  libinit2.o(.ARM.Collect$$libinit$$0000002E)
    __rt_lib_init_argv_1                     0x08000133   Thumb Code     0  libinit2.o(.ARM.Collect$$libinit$$0000002C)
    __rt_lib_init_atexit_1                   0x08000133   Thumb Code     0  libinit2.o(.ARM.Collect$$libinit$$0000001B)
    __rt_lib_init_clock_1                    0x08000133   Thumb Code     0  libinit2.o(.ARM.Collect$$libinit$$00000021)
    __rt_lib_init_cpp_1                      0x08000133   Thumb Code     0  libinit2.o(.ARM.Collect$$libinit$$00000032)
    __rt_lib_init_exceptions_1               0x08000133   Thumb Code     0  libinit2.o(.ARM.Collect$$libinit$$00000030)
    __rt_lib_init_fp_1                       0x08000133   Thumb Code     0  libinit2.o(.ARM.Collect$$libinit$$00000002)
    __rt_lib_init_fp_trap_1                  0x08000133   Thumb Code     0  libinit2.o(.ARM.Collect$$libinit$$0000001F)
    __rt_lib_init_getenv_1                   0x08000133   Thumb Code     0  libinit2.o(.ARM.Collect$$libinit$$00000023)
    __rt_lib_init_heap_1                     0x08000133   Thumb Code     0  libinit2.o(.ARM.Collect$$libinit$$0000000A)
    __rt_lib_init_lc_collate_1               0x08000133   Thumb Code     0  libinit2.o(.ARM.Collect$$libinit$$00000011)
    __rt_lib_init_lc_ctype_1                 0x08000133   Thumb Code     0  libinit2.o(.ARM.Collect$$libinit$$00000013)
    __rt_lib_init_lc_monetary_1              0x08000133   Thumb Code     0  libinit2.o(.ARM.Collect$$libinit$$00000015)
    __rt_lib_init_lc_numeric_1               0x08000133   Thumb Code     0  libinit2.o(.ARM.Collect$$libinit$$00000017)
    __rt_lib_init_lc_time_1                  0x08000133   Thumb Code     0  libinit2.o(.ARM.Collect$$libinit$$00000019)
    __rt_lib_init_preinit_1                  0x08000133   Thumb Code     0  libinit2.o(.ARM.Collect$$libinit$$00000004)
    __rt_lib_init_rand_1                     0x08000133   Thumb Code     0  libinit2.o(.ARM.Collect$$libinit$$0000000E)
    __rt_lib_init_return                     0x08000133   Thumb Code     0  libinit2.o(.ARM.Collect$$libinit$$00000033)
    __rt_lib_init_signal_1                   0x08000133   Thumb Code     0  libinit2.o(.ARM.Collect$$libinit$$0000001D)
    __rt_lib_init_stdio_1                    0x08000133   Thumb Code     0  libinit2.o(.ARM.Collect$$libinit$$00000025)
    __rt_lib_init_user_alloc_1               0x08000133   Thumb Code     0  libinit2.o(.ARM.Collect$$libinit$$0000000C)
    __rt_lib_shutdown                        0x08000135   Thumb Code     0  libshutdown.o(.ARM.Collect$$libshutdown$$00000000)
    __rt_lib_shutdown_cpp_1                  0x08000137   Thumb Code     0  libshutdown2.o(.ARM.Collect$$libshutdown$$00000004)
    __rt_lib_shutdown_fini_1                 0x08000137   Thumb Code     0  libshutdown2.o(.ARM.Collect$$libshutdown$$00000002)
    __rt_lib_shutdown_fp_trap_1              0x08000137   Thumb Code     0  libshutdown2.o(.ARM.Collect$$libshutdown$$00000009)
    __rt_lib_shutdown_heap_1                 0x08000137   Thumb Code     0  libshutdown2.o(.ARM.Collect$$libshutdown$$00000011)
    __rt_lib_shutdown_return                 0x08000137   Thumb Code     0  libshutdown2.o(.ARM.Collect$$libshutdown$$00000012)
    __rt_lib_shutdown_signal_1               0x08000137   Thumb Code     0  libshutdown2.o(.ARM.Collect$$libshutdown$$0000000C)
    __rt_lib_shutdown_stdio_1                0x08000137   Thumb Code     0  libshutdown2.o(.ARM.Collect$$libshutdown$$00000006)
    __rt_lib_shutdown_user_alloc_1           0x08000137   Thumb Code     0  libshutdown2.o(.ARM.Collect$$libshutdown$$0000000E)
    __rt_entry                               0x08000139   Thumb Code     0  __rtentry.o(.ARM.Collect$$rtentry$$00000000)
    __rt_entry_presh_1                       0x08000139   Thumb Code     0  __rtentry2.o(.ARM.Collect$$rtentry$$00000002)
    __rt_entry_sh                            0x08000139   Thumb Code     0  __rtentry4.o(.ARM.Collect$$rtentry$$00000004)
    __rt_entry_li                            0x0800013f   Thumb Code     0  __rtentry2.o(.ARM.Collect$$rtentry$$0000000A)
    __rt_entry_postsh_1                      0x0800013f   Thumb Code     0  __rtentry2.o(.ARM.Collect$$rtentry$$00000009)
    __rt_entry_main                          0x08000143   Thumb Code     0  __rtentry2.o(.ARM.Collect$$rtentry$$0000000D)
    __rt_entry_postli_1                      0x08000143   Thumb Code     0  __rtentry2.o(.ARM.Collect$$rtentry$$0000000C)
    __rt_exit                                0x0800014b   Thumb Code     0  rtexit.o(.ARM.Collect$$rtexit$$00000000)
    __rt_exit_ls                             0x0800014d   Thumb Code     0  rtexit2.o(.ARM.Collect$$rtexit$$00000003)
    __rt_exit_prels_1                        0x0800014d   Thumb Code     0  rtexit2.o(.ARM.Collect$$rtexit$$00000002)
    __rt_exit_exit                           0x08000151   Thumb Code     0  rtexit2.o(.ARM.Collect$$rtexit$$00000004)
    Reset_Handler                            0x08000159   Thumb Code     8  startup_stm32f030x8.o(.text)
    ADC1_IRQHandler                          0x0800016b   Thumb Code     0  startup_stm32f030x8.o(.text)
    DMA1_Channel1_IRQHandler                 0x0800016b   Thumb Code     0  startup_stm32f030x8.o(.text)
    DMA1_Channel2_3_IRQHandler               0x0800016b   Thumb Code     0  startup_stm32f030x8.o(.text)
    DMA1_Channel4_5_IRQHandler               0x0800016b   Thumb Code     0  startup_stm32f030x8.o(.text)
    EXTI0_1_IRQHandler                       0x0800016b   Thumb Code     0  startup_stm32f030x8.o(.text)
    EXTI2_3_IRQHandler                       0x0800016b   Thumb Code     0  startup_stm32f030x8.o(.text)
    EXTI4_15_IRQHandler                      0x0800016b   Thumb Code     0  startup_stm32f030x8.o(.text)
    FLASH_IRQHandler                         0x0800016b   Thumb Code     0  startup_stm32f030x8.o(.text)
    I2C1_IRQHandler                          0x0800016b   Thumb Code     0  startup_stm32f030x8.o(.text)
    I2C2_IRQHandler                          0x0800016b   Thumb Code     0  startup_stm32f030x8.o(.text)
    RCC_IRQHandler                           0x0800016b   Thumb Code     0  startup_stm32f030x8.o(.text)
    RTC_IRQHandler                           0x0800016b   Thumb Code     0  startup_stm32f030x8.o(.text)
    SPI1_IRQHandler                          0x0800016b   Thumb Code     0  startup_stm32f030x8.o(.text)
    SPI2_IRQHandler                          0x0800016b   Thumb Code     0  startup_stm32f030x8.o(.text)
    TIM14_IRQHandler                         0x0800016b   Thumb Code     0  startup_stm32f030x8.o(.text)
    TIM15_IRQHandler                         0x0800016b   Thumb Code     0  startup_stm32f030x8.o(.text)
    TIM16_IRQHandler                         0x0800016b   Thumb Code     0  startup_stm32f030x8.o(.text)
    TIM17_IRQHandler                         0x0800016b   Thumb Code     0  startup_stm32f030x8.o(.text)
    TIM1_BRK_UP_TRG_COM_IRQHandler           0x0800016b   Thumb Code     0  startup_stm32f030x8.o(.text)
    TIM1_CC_IRQHandler                       0x0800016b   Thumb Code     0  startup_stm32f030x8.o(.text)
    TIM3_IRQHandler                          0x0800016b   Thumb Code     0  startup_stm32f030x8.o(.text)
    TIM6_IRQHandler                          0x0800016b   Thumb Code     0  startup_stm32f030x8.o(.text)
    USART2_IRQHandler                        0x0800016b   Thumb Code     0  startup_stm32f030x8.o(.text)
    WWDG_IRQHandler                          0x0800016b   Thumb Code     0  startup_stm32f030x8.o(.text)
    __user_initial_stackheap                 0x0800016d   Thumb Code     0  startup_stm32f030x8.o(.text)
    __aeabi_uldivmod                         0x08000191   Thumb Code   258  lludiv.o(.text)
    _ll_udiv                                 0x08000191   Thumb Code     0  lludiv.o(.text)
    _memset_w                                0x08000293   Thumb Code    26  rt_memclr.o(.text)
    _memset                                  0x080002ad   Thumb Code    30  rt_memclr.o(.text)
    __aeabi_memclr                           0x080002cb   Thumb Code     4  rt_memclr.o(.text)
    __rt_memclr                              0x080002cb   Thumb Code     0  rt_memclr.o(.text)
    __aeabi_memclr4                          0x080002cf   Thumb Code     0  rt_memclr.o(.text)
    __aeabi_memclr8                          0x080002cf   Thumb Code     0  rt_memclr.o(.text)
    __rt_memclr_w                            0x080002cf   Thumb Code     4  rt_memclr.o(.text)
    __aeabi_uidiv                            0x080002d3   Thumb Code     0  aeabi_sdiv.o(.text)
    __aeabi_uidivmod                         0x080002d3   Thumb Code    20  aeabi_sdiv.o(.text)
    __aeabi_idiv                             0x080002e7   Thumb Code     0  aeabi_sdiv.o(.text)
    __aeabi_idivmod                          0x080002e7   Thumb Code   326  aeabi_sdiv.o(.text)
    __use_two_region_memory                  0x0800042d   Thumb Code     2  heapauxi.o(.text)
    __rt_heap_escrow$2region                 0x0800042f   Thumb Code     2  heapauxi.o(.text)
    __rt_heap_expand$2region                 0x08000431   Thumb Code     2  heapauxi.o(.text)
    __user_setup_stackheap                   0x08000433   Thumb Code    62  sys_stackheap_outer.o(.text)
    exit                                     0x08000471   Thumb Code    16  exit.o(.text)
    __user_libspace                          0x08000481   Thumb Code     8  libspace.o(.text)
    __user_perproc_libspace                  0x08000481   Thumb Code     0  libspace.o(.text)
    __user_perthread_libspace                0x08000481   Thumb Code     0  libspace.o(.text)
    _sys_exit                                0x08000489   Thumb Code     8  sys_exit.o(.text)
    __I$use$semihosting                      0x08000495   Thumb Code     0  use_no_semi.o(.text)
    __use_no_semihosting_swi                 0x08000495   Thumb Code     2  use_no_semi.o(.text)
    HAL_DMA_Abort                            0x08000497   Thumb Code    64  stm32f0xx_hal_dma.o(i.HAL_DMA_Abort)
    __semihosting_library_function           0x08000497   Thumb Code     0  indicate_semi.o(.text)
    HAL_DMA_Abort_IT                         0x080004d7   Thumb Code    72  stm32f0xx_hal_dma.o(i.HAL_DMA_Abort_IT)
    HAL_GPIO_DeInit                          0x08000521   Thumb Code   192  stm32f0xx_hal_gpio.o(i.HAL_GPIO_DeInit)
    HAL_GPIO_Init                            0x080005f5   Thumb Code   396  stm32f0xx_hal_gpio.o(i.HAL_GPIO_Init)
    HAL_GPIO_WritePin                        0x08000799   Thumb Code    12  stm32f0xx_hal_gpio.o(i.HAL_GPIO_WritePin)
    HAL_GetTick                              0x080007a5   Thumb Code     6  stm32f0xx_hal.o(i.HAL_GetTick)
    HAL_I2CEx_ConfigAnalogFilter             0x080007b1   Thumb Code    74  stm32f0xx_hal_i2c_ex.o(i.HAL_I2CEx_ConfigAnalogFilter)
    HAL_I2CEx_ConfigDigitalFilter            0x080007fb   Thumb Code    72  stm32f0xx_hal_i2c_ex.o(i.HAL_I2CEx_ConfigDigitalFilter)
    HAL_I2C_DeInit                           0x08000843   Thumb Code    52  stm32f0xx_hal_i2c.o(i.HAL_I2C_DeInit)
    HAL_I2C_Init                             0x08000879   Thumb Code   176  stm32f0xx_hal_i2c.o(i.HAL_I2C_Init)
    HAL_I2C_Master_Receive                   0x0800092d   Thumb Code   262  stm32f0xx_hal_i2c.o(i.HAL_I2C_Master_Receive)
    HAL_I2C_Master_Transmit                  0x08000a3d   Thumb Code   262  stm32f0xx_hal_i2c.o(i.HAL_I2C_Master_Transmit)
    HAL_I2C_MspDeInit                        0x08000b4d   Thumb Code    44  stm32f0xx_hal_msp.o(i.HAL_I2C_MspDeInit)
    HAL_I2C_MspInit                          0x08000b85   Thumb Code    90  stm32f0xx_hal_msp.o(i.HAL_I2C_MspInit)
    HAL_IWDG_Init                            0x08000bed   Thumb Code    94  stm32f0xx_hal_iwdg.o(i.HAL_IWDG_Init)
    HAL_IWDG_Refresh                         0x08000c59   Thumb Code    10  stm32f0xx_hal_iwdg.o(i.HAL_IWDG_Refresh)
    HAL_IncTick                              0x08000c69   Thumb Code    12  stm32f0xx_hal.o(i.HAL_IncTick)
    HAL_Init                                 0x08000c79   Thumb Code    26  stm32f0xx_hal.o(i.HAL_Init)
    HAL_InitTick                             0x08000c99   Thumb Code    58  stm32f0xx_hal.o(i.HAL_InitTick)
    HAL_MspInit                              0x08000cdd   Thumb Code    34  stm32f0xx_hal_msp.o(i.HAL_MspInit)
    HAL_NVIC_EnableIRQ                       0x08000d05   Thumb Code    18  stm32f0xx_hal_cortex.o(i.HAL_NVIC_EnableIRQ)
    HAL_NVIC_SetPriority                     0x08000d1d   Thumb Code     8  stm32f0xx_hal_cortex.o(i.HAL_NVIC_SetPriority)
    HAL_RCCEx_PeriphCLKConfig                0x08000d25   Thumb Code   218  stm32f0xx_hal_rcc_ex.o(i.HAL_RCCEx_PeriphCLKConfig)
    HAL_RCC_ClockConfig                      0x08000e0d   Thumb Code   242  stm32f0xx_hal_rcc.o(i.HAL_RCC_ClockConfig)
    HAL_RCC_GetPCLK1Freq                     0x08000f15   Thumb Code    20  stm32f0xx_hal_rcc.o(i.HAL_RCC_GetPCLK1Freq)
    HAL_RCC_GetSysClockFreq                  0x08000f35   Thumb Code    84  stm32f0xx_hal_rcc.o(i.HAL_RCC_GetSysClockFreq)
    HAL_RCC_OscConfig                        0x08000fb5   Thumb Code   890  stm32f0xx_hal_rcc.o(i.HAL_RCC_OscConfig)
    HAL_SPI_Init                             0x0800133d   Thumb Code   238  stm32f0xx_hal_spi.o(i.HAL_SPI_Init)
    HAL_SPI_MspInit                          0x0800142d   Thumb Code   158  stm32f0xx_hal_msp.o(i.HAL_SPI_MspInit)
    HAL_SPI_Receive                          0x080014dd   Thumb Code   360  stm32f0xx_hal_spi.o(i.HAL_SPI_Receive)
    HAL_SPI_Transmit                         0x08001645   Thumb Code   352  stm32f0xx_hal_spi.o(i.HAL_SPI_Transmit)
    HAL_SPI_TransmitReceive                  0x080017a5   Thumb Code   498  stm32f0xx_hal_spi.o(i.HAL_SPI_TransmitReceive)
    HAL_SYSTICK_Config                       0x08001999   Thumb Code    38  stm32f0xx_hal_cortex.o(i.HAL_SYSTICK_Config)
    HAL_UARTEx_RxEventCallback               0x080019c9   Thumb Code     2  stm32f0xx_hal_uart.o(i.HAL_UARTEx_RxEventCallback)
    HAL_UART_ErrorCallback                   0x080019cb   Thumb Code     2  stm32f0xx_hal_uart.o(i.HAL_UART_ErrorCallback)
    HAL_UART_IRQHandler                      0x080019cd   Thumb Code   640  stm32f0xx_hal_uart.o(i.HAL_UART_IRQHandler)
    HAL_UART_Init                            0x08001c59   Thumb Code   106  stm32f0xx_hal_uart.o(i.HAL_UART_Init)
    HAL_UART_MspInit                         0x08001cc5   Thumb Code   106  stm32f0xx_hal_msp.o(i.HAL_UART_MspInit)
    HAL_UART_Transmit                        0x08001d39   Thumb Code   210  stm32f0xx_hal_uart.o(i.HAL_UART_Transmit)
    HAL_UART_TxCpltCallback                  0x08001e0b   Thumb Code     2  stm32f0xx_hal_uart.o(i.HAL_UART_TxCpltCallback)
    HardFault_Handler                        0x08001e0d   Thumb Code     2  stm32f0xx_it.o(i.HardFault_Handler)
    NMI_Handler                              0x08002245   Thumb Code     2  stm32f0xx_it.o(i.NMI_Handler)
    PendSV_Handler                           0x08002247   Thumb Code     2  stm32f0xx_it.o(i.PendSV_Handler)
    SVC_Handler                              0x0800249d   Thumb Code     2  stm32f0xx_it.o(i.SVC_Handler)
    SysTick_Handler                          0x080024a1   Thumb Code    32  stm32f0xx_it.o(i.SysTick_Handler)
    SystemClock_Config                       0x080024c9   Thumb Code   120  main.o(i.SystemClock_Config)
    SystemInit                               0x08002541   Thumb Code     2  system_stm32f0xx.o(i.SystemInit)
    UART_AdvFeatureConfig                    0x08002543   Thumb Code   202  stm32f0xx_hal_uart.o(i.UART_AdvFeatureConfig)
    UART_CheckIdleState                      0x0800260d   Thumb Code    94  stm32f0xx_hal_uart.o(i.UART_CheckIdleState)
    UART_SetConfig                           0x080026e5   Thumb Code   282  stm32f0xx_hal_uart.o(i.UART_SetConfig)
    UART_WaitOnFlagUntilTimeout              0x08002819   Thumb Code   212  stm32f0xx_hal_uart.o(i.UART_WaitOnFlagUntilTimeout)
    USART1_IRQHandler                        0x080028ed   Thumb Code    46  stm32f0xx_it.o(i.USART1_IRQHandler)
    UartRxAnalyze                            0x0800292d   Thumb Code   210  main.o(i.UartRxAnalyze)
    __ARM_common_ll_muluu                    0x08002a0d   Thumb Code    48  stm32f0xx_hal_rcc.o(i.__ARM_common_ll_muluu)
    __ARM_common_switch8                     0x08002a3d   Thumb Code    26  main.o(i.__ARM_common_switch8)
    main                                     0x08002a9d   Thumb Code  1166  main.o(i.main)
    arr_crc_8                                0x08002f30   Data         256  main.o(.constdata)
    SB                                       0x08003030   Data         128  main.o(.constdata)
    AHBPrescTable                            0x080030b0   Data          16  system_stm32f0xx.o(.constdata)
    APBPrescTable                            0x080030c0   Data           8  system_stm32f0xx.o(.constdata)
    Region$$Table$$Base                      0x080030c8   Number         0  anon$$obj.o(Region$$Table)
    Region$$Table$$Limit                     0x080030e8   Number         0  anon$$obj.o(Region$$Table)
    spi_send                                 0x20000000   Data           1  main.o(.data)
    uart_send                                0x20000002   Data           2  main.o(.data)
    spi_rx_buffer                            0x20000004   Data           2  main.o(.data)
    i2c_send                                 0x20000006   Data           2  main.o(.data)
    i2c2_send                                0x20000008   Data           2  main.o(.data)
    old_spi_buf                              0x2000000a   Data           2  main.o(.data)
    spi_buf                                  0x2000000c   Data           2  main.o(.data)
    i2c_buf                                  0x20000010   Data           4  main.o(.data)
    old_i2c_buf                              0x20000014   Data           4  main.o(.data)
    i2c2_buf                                 0x20000018   Data           4  main.o(.data)
    old_i2c2_buf                             0x2000001c   Data           4  main.o(.data)
    led                                      0x20000020   Data          15  main.o(.data)
    i2c_led                                  0x2000002f   Data          32  main.o(.data)
    i2c2_led                                 0x2000004f   Data          32  main.o(.data)
    uart_send2                               0x20000070   Data           2  main.o(.data)
    RxBuf2Write                              0x20000072   Data           1  stm32f0xx_it.o(.data)
    uwTickFreq                               0x20000074   Data           1  stm32f0xx_hal.o(.data)
    uwTickPrio                               0x20000078   Data           4  stm32f0xx_hal.o(.data)
    uwTick                                   0x2000007c   Data           4  stm32f0xx_hal.o(.data)
    SystemCoreClock                          0x20000080   Data           4  system_stm32f0xx.o(.data)
    txBuffer                                 0x20000084   Data          64  main.o(.bss)
    rxBuffer                                 0x200000c4   Data          64  main.o(.bss)
    spi_tx_buf                               0x20000104   Data          10  main.o(.bss)
    hi2c2                                    0x20000110   Data          76  main.o(.bss)
    hiwdg                                    0x2000015c   Data          16  main.o(.bss)
    hspi1                                    0x2000016c   Data         100  main.o(.bss)
    hspi2                                    0x200001d0   Data         100  main.o(.bss)
    huart1                                   0x20000234   Data         132  main.o(.bss)
    __libspace_start                         0x200002b8   Data          96  libspace.o(.bss)
    __temporary_stack_top$libspace           0x20000318   Data           0  libspace.o(.bss)



==============================================================================

Memory Map of the image

  Image Entry point : 0x080000b5

  Load Region LR_IROM1 (Base: 0x08000000, Size: 0x0000316c, Max: 0x00010000, ABSOLUTE)

    Execution Region ER_IROM1 (Exec base: 0x08000000, Load base: 0x08000000, Size: 0x000030e8, Max: 0x00010000, ABSOLUTE)

    Exec Addr    Load Addr    Size         Type   Attr      Idx    E Section Name        Object

    0x08000000   0x08000000   0x000000b4   Data   RO            3    RESET               startup_stm32f030x8.o
    0x080000b4   0x080000b4   0x00000008   Code   RO         2548  * !!!main             c_p.l(__main.o)
    0x080000bc   0x080000bc   0x0000003c   Code   RO         2723    !!!scatter          c_p.l(__scatter.o)
    0x080000f8   0x080000f8   0x0000001a   Code   RO         2725    !!handler_copy      c_p.l(__scatter_copy.o)
    0x08000112   0x08000112   0x00000002   PAD
    0x08000114   0x08000114   0x0000001c   Code   RO         2727    !!handler_zi        c_p.l(__scatter_zi.o)
    0x08000130   0x08000130   0x00000002   Code   RO         2590    .ARM.Collect$$libinit$$00000000  c_p.l(libinit.o)
    0x08000132   0x08000132   0x00000000   Code   RO         2604    .ARM.Collect$$libinit$$00000002  c_p.l(libinit2.o)
    0x08000132   0x08000132   0x00000000   Code   RO         2606    .ARM.Collect$$libinit$$00000004  c_p.l(libinit2.o)
    0x08000132   0x08000132   0x00000000   Code   RO         2609    .ARM.Collect$$libinit$$0000000A  c_p.l(libinit2.o)
    0x08000132   0x08000132   0x00000000   Code   RO         2611    .ARM.Collect$$libinit$$0000000C  c_p.l(libinit2.o)
    0x08000132   0x08000132   0x00000000   Code   RO         2613    .ARM.Collect$$libinit$$0000000E  c_p.l(libinit2.o)
    0x08000132   0x08000132   0x00000000   Code   RO         2616    .ARM.Collect$$libinit$$00000011  c_p.l(libinit2.o)
    0x08000132   0x08000132   0x00000000   Code   RO         2618    .ARM.Collect$$libinit$$00000013  c_p.l(libinit2.o)
    0x08000132   0x08000132   0x00000000   Code   RO         2620    .ARM.Collect$$libinit$$00000015  c_p.l(libinit2.o)
    0x08000132   0x08000132   0x00000000   Code   RO         2622    .ARM.Collect$$libinit$$00000017  c_p.l(libinit2.o)
    0x08000132   0x08000132   0x00000000   Code   RO         2624    .ARM.Collect$$libinit$$00000019  c_p.l(libinit2.o)
    0x08000132   0x08000132   0x00000000   Code   RO         2626    .ARM.Collect$$libinit$$0000001B  c_p.l(libinit2.o)
    0x08000132   0x08000132   0x00000000   Code   RO         2628    .ARM.Collect$$libinit$$0000001D  c_p.l(libinit2.o)
    0x08000132   0x08000132   0x00000000   Code   RO         2630    .ARM.Collect$$libinit$$0000001F  c_p.l(libinit2.o)
    0x08000132   0x08000132   0x00000000   Code   RO         2632    .ARM.Collect$$libinit$$00000021  c_p.l(libinit2.o)
    0x08000132   0x08000132   0x00000000   Code   RO         2634    .ARM.Collect$$libinit$$00000023  c_p.l(libinit2.o)
    0x08000132   0x08000132   0x00000000   Code   RO         2636    .ARM.Collect$$libinit$$00000025  c_p.l(libinit2.o)
    0x08000132   0x08000132   0x00000000   Code   RO         2640    .ARM.Collect$$libinit$$0000002C  c_p.l(libinit2.o)
    0x08000132   0x08000132   0x00000000   Code   RO         2642    .ARM.Collect$$libinit$$0000002E  c_p.l(libinit2.o)
    0x08000132   0x08000132   0x00000000   Code   RO         2644    .ARM.Collect$$libinit$$00000030  c_p.l(libinit2.o)
    0x08000132   0x08000132   0x00000000   Code   RO         2646    .ARM.Collect$$libinit$$00000032  c_p.l(libinit2.o)
    0x08000132   0x08000132   0x00000002   Code   RO         2647    .ARM.Collect$$libinit$$00000033  c_p.l(libinit2.o)
    0x08000134   0x08000134   0x00000002   Code   RO         2678    .ARM.Collect$$libshutdown$$00000000  c_p.l(libshutdown.o)
    0x08000136   0x08000136   0x00000000   Code   RO         2704    .ARM.Collect$$libshutdown$$00000002  c_p.l(libshutdown2.o)
    0x08000136   0x08000136   0x00000000   Code   RO         2706    .ARM.Collect$$libshutdown$$00000004  c_p.l(libshutdown2.o)
    0x08000136   0x08000136   0x00000000   Code   RO         2708    .ARM.Collect$$libshutdown$$00000006  c_p.l(libshutdown2.o)
    0x08000136   0x08000136   0x00000000   Code   RO         2711    .ARM.Collect$$libshutdown$$00000009  c_p.l(libshutdown2.o)
    0x08000136   0x08000136   0x00000000   Code   RO         2714    .ARM.Collect$$libshutdown$$0000000C  c_p.l(libshutdown2.o)
    0x08000136   0x08000136   0x00000000   Code   RO         2716    .ARM.Collect$$libshutdown$$0000000E  c_p.l(libshutdown2.o)
    0x08000136   0x08000136   0x00000000   Code   RO         2719    .ARM.Collect$$libshutdown$$00000011  c_p.l(libshutdown2.o)
    0x08000136   0x08000136   0x00000002   Code   RO         2720    .ARM.Collect$$libshutdown$$00000012  c_p.l(libshutdown2.o)
    0x08000138   0x08000138   0x00000000   Code   RO         2550    .ARM.Collect$$rtentry$$00000000  c_p.l(__rtentry.o)
    0x08000138   0x08000138   0x00000000   Code   RO         2560    .ARM.Collect$$rtentry$$00000002  c_p.l(__rtentry2.o)
    0x08000138   0x08000138   0x00000006   Code   RO         2572    .ARM.Collect$$rtentry$$00000004  c_p.l(__rtentry4.o)
    0x0800013e   0x0800013e   0x00000000   Code   RO         2562    .ARM.Collect$$rtentry$$00000009  c_p.l(__rtentry2.o)
    0x0800013e   0x0800013e   0x00000004   Code   RO         2563    .ARM.Collect$$rtentry$$0000000A  c_p.l(__rtentry2.o)
    0x08000142   0x08000142   0x00000000   Code   RO         2565    .ARM.Collect$$rtentry$$0000000C  c_p.l(__rtentry2.o)
    0x08000142   0x08000142   0x00000008   Code   RO         2566    .ARM.Collect$$rtentry$$0000000D  c_p.l(__rtentry2.o)
    0x0800014a   0x0800014a   0x00000002   Code   RO         2595    .ARM.Collect$$rtexit$$00000000  c_p.l(rtexit.o)
    0x0800014c   0x0800014c   0x00000000   Code   RO         2651    .ARM.Collect$$rtexit$$00000002  c_p.l(rtexit2.o)
    0x0800014c   0x0800014c   0x00000004   Code   RO         2652    .ARM.Collect$$rtexit$$00000003  c_p.l(rtexit2.o)
    0x08000150   0x08000150   0x00000006   Code   RO         2653    .ARM.Collect$$rtexit$$00000004  c_p.l(rtexit2.o)
    0x08000156   0x08000156   0x00000002   PAD
    0x08000158   0x08000158   0x00000038   Code   RO            4    .text               startup_stm32f030x8.o
    0x08000190   0x08000190   0x00000102   Code   RO         2538    .text               c_p.l(lludiv.o)
    0x08000292   0x08000292   0x00000040   Code   RO         2540    .text               c_p.l(rt_memclr.o)
    0x080002d2   0x080002d2   0x0000015a   Code   RO         2542    .text               c_p.l(aeabi_sdiv.o)
    0x0800042c   0x0800042c   0x00000006   Code   RO         2546    .text               c_p.l(heapauxi.o)
    0x08000432   0x08000432   0x0000003e   Code   RO         2576    .text               c_p.l(sys_stackheap_outer.o)
    0x08000470   0x08000470   0x00000010   Code   RO         2579    .text               c_p.l(exit.o)
    0x08000480   0x08000480   0x00000008   Code   RO         2591    .text               c_p.l(libspace.o)
    0x08000488   0x08000488   0x0000000c   Code   RO         2648    .text               c_p.l(sys_exit.o)
    0x08000494   0x08000494   0x00000002   Code   RO         2667    .text               c_p.l(use_no_semi.o)
    0x08000496   0x08000496   0x00000000   Code   RO         2669    .text               c_p.l(indicate_semi.o)
    0x08000496   0x08000496   0x00000040   Code   RO         1146    i.HAL_DMA_Abort     stm32f0xx_hal_dma.o
    0x080004d6   0x080004d6   0x00000048   Code   RO         1147    i.HAL_DMA_Abort_IT  stm32f0xx_hal_dma.o
    0x0800051e   0x0800051e   0x00000002   PAD
    0x08000520   0x08000520   0x000000d4   Code   RO         1082    i.HAL_GPIO_DeInit   stm32f0xx_hal_gpio.o
    0x080005f4   0x080005f4   0x000001a4   Code   RO         1085    i.HAL_GPIO_Init     stm32f0xx_hal_gpio.o
    0x08000798   0x08000798   0x0000000c   Code   RO         1089    i.HAL_GPIO_WritePin  stm32f0xx_hal_gpio.o
    0x080007a4   0x080007a4   0x0000000c   Code   RO          933    i.HAL_GetTick       stm32f0xx_hal.o
    0x080007b0   0x080007b0   0x0000004a   Code   RO          760    i.HAL_I2CEx_ConfigAnalogFilter  stm32f0xx_hal_i2c_ex.o
    0x080007fa   0x080007fa   0x00000048   Code   RO          761    i.HAL_I2CEx_ConfigDigitalFilter  stm32f0xx_hal_i2c_ex.o
    0x08000842   0x08000842   0x00000034   Code   RO          304    i.HAL_I2C_DeInit    stm32f0xx_hal_i2c.o
    0x08000876   0x08000876   0x00000002   PAD
    0x08000878   0x08000878   0x000000b4   Code   RO          313    i.HAL_I2C_Init      stm32f0xx_hal_i2c.o
    0x0800092c   0x0800092c   0x00000110   Code   RO          319    i.HAL_I2C_Master_Receive  stm32f0xx_hal_i2c.o
    0x08000a3c   0x08000a3c   0x00000110   Code   RO          326    i.HAL_I2C_Master_Transmit  stm32f0xx_hal_i2c.o
    0x08000b4c   0x08000b4c   0x00000038   Code   RO          246    i.HAL_I2C_MspDeInit  stm32f0xx_hal_msp.o
    0x08000b84   0x08000b84   0x00000068   Code   RO          247    i.HAL_I2C_MspInit   stm32f0xx_hal_msp.o
    0x08000bec   0x08000bec   0x0000006c   Code   RO         1682    i.HAL_IWDG_Init     stm32f0xx_hal_iwdg.o
    0x08000c58   0x08000c58   0x00000010   Code   RO         1683    i.HAL_IWDG_Refresh  stm32f0xx_hal_iwdg.o
    0x08000c68   0x08000c68   0x00000010   Code   RO          939    i.HAL_IncTick       stm32f0xx_hal.o
    0x08000c78   0x08000c78   0x00000020   Code   RO          940    i.HAL_Init          stm32f0xx_hal.o
    0x08000c98   0x08000c98   0x00000044   Code   RO          941    i.HAL_InitTick      stm32f0xx_hal.o
    0x08000cdc   0x08000cdc   0x00000028   Code   RO          248    i.HAL_MspInit       stm32f0xx_hal_msp.o
    0x08000d04   0x08000d04   0x00000018   Code   RO         1242    i.HAL_NVIC_EnableIRQ  stm32f0xx_hal_cortex.o
    0x08000d1c   0x08000d1c   0x00000008   Code   RO         1246    i.HAL_NVIC_SetPriority  stm32f0xx_hal_cortex.o
    0x08000d24   0x08000d24   0x000000e8   Code   RO          894    i.HAL_RCCEx_PeriphCLKConfig  stm32f0xx_hal_rcc_ex.o
    0x08000e0c   0x08000e0c   0x00000108   Code   RO          799    i.HAL_RCC_ClockConfig  stm32f0xx_hal_rcc.o
    0x08000f14   0x08000f14   0x00000020   Code   RO          806    i.HAL_RCC_GetPCLK1Freq  stm32f0xx_hal_rcc.o
    0x08000f34   0x08000f34   0x00000080   Code   RO          807    i.HAL_RCC_GetSysClockFreq  stm32f0xx_hal_rcc.o
    0x08000fb4   0x08000fb4   0x00000388   Code   RO          810    i.HAL_RCC_OscConfig  stm32f0xx_hal_rcc.o
    0x0800133c   0x0800133c   0x000000ee   Code   RO         1719    i.HAL_SPI_Init      stm32f0xx_hal_spi.o
    0x0800142a   0x0800142a   0x00000002   PAD
    0x0800142c   0x0800142c   0x000000b0   Code   RO          250    i.HAL_SPI_MspInit   stm32f0xx_hal_msp.o
    0x080014dc   0x080014dc   0x00000168   Code   RO         1722    i.HAL_SPI_Receive   stm32f0xx_hal_spi.o
    0x08001644   0x08001644   0x00000160   Code   RO         1727    i.HAL_SPI_Transmit  stm32f0xx_hal_spi.o
    0x080017a4   0x080017a4   0x000001f2   Code   RO         1728    i.HAL_SPI_TransmitReceive  stm32f0xx_hal_spi.o
    0x08001996   0x08001996   0x00000002   PAD
    0x08001998   0x08001998   0x00000030   Code   RO         1250    i.HAL_SYSTICK_Config  stm32f0xx_hal_cortex.o
    0x080019c8   0x080019c8   0x00000002   Code   RO         2086    i.HAL_UARTEx_RxEventCallback  stm32f0xx_hal_uart.o
    0x080019ca   0x080019ca   0x00000002   Code   RO         2102    i.HAL_UART_ErrorCallback  stm32f0xx_hal_uart.o
    0x080019cc   0x080019cc   0x0000028c   Code   RO         2105    i.HAL_UART_IRQHandler  stm32f0xx_hal_uart.o
    0x08001c58   0x08001c58   0x0000006a   Code   RO         2106    i.HAL_UART_Init     stm32f0xx_hal_uart.o
    0x08001cc2   0x08001cc2   0x00000002   PAD
    0x08001cc4   0x08001cc4   0x00000074   Code   RO          252    i.HAL_UART_MspInit  stm32f0xx_hal_msp.o
    0x08001d38   0x08001d38   0x000000d2   Code   RO         2115    i.HAL_UART_Transmit  stm32f0xx_hal_uart.o
    0x08001e0a   0x08001e0a   0x00000002   Code   RO         2118    i.HAL_UART_TxCpltCallback  stm32f0xx_hal_uart.o
    0x08001e0c   0x08001e0c   0x00000002   Code   RO          189    i.HardFault_Handler  stm32f0xx_it.o
    0x08001e0e   0x08001e0e   0x00000022   Code   RO          360    i.I2C_Flush_TXDR    stm32f0xx_hal_i2c.o
    0x08001e30   0x08001e30   0x00000088   Code   RO          368    i.I2C_IsAcknowledgeFailed  stm32f0xx_hal_i2c.o
    0x08001eb8   0x08001eb8   0x00000028   Code   RO          375    i.I2C_TransferConfig  stm32f0xx_hal_i2c.o
    0x08001ee0   0x08001ee0   0x0000004e   Code   RO          377    i.I2C_WaitOnFlagUntilTimeout  stm32f0xx_hal_i2c.o
    0x08001f2e   0x08001f2e   0x00000002   PAD
    0x08001f30   0x08001f30   0x00000080   Code   RO          378    i.I2C_WaitOnRXNEFlagUntilTimeout  stm32f0xx_hal_i2c.o
    0x08001fb0   0x08001fb0   0x0000004c   Code   RO          379    i.I2C_WaitOnSTOPFlagUntilTimeout  stm32f0xx_hal_i2c.o
    0x08001ffc   0x08001ffc   0x00000050   Code   RO          380    i.I2C_WaitOnTXISFlagUntilTimeout  stm32f0xx_hal_i2c.o
    0x0800204c   0x0800204c   0x000000cc   Code   RO           13    i.MX_GPIO_Init      main.o
    0x08002118   0x08002118   0x00000058   Code   RO           14    i.MX_I2C2_Init      main.o
    0x08002170   0x08002170   0x00000050   Code   RO           15    i.MX_SPI1_Init      main.o
    0x080021c0   0x080021c0   0x0000004c   Code   RO           16    i.MX_SPI2_Init      main.o
    0x0800220c   0x0800220c   0x00000038   Code   RO           17    i.MX_USART1_UART_Init  main.o
    0x08002244   0x08002244   0x00000002   Code   RO          190    i.NMI_Handler       stm32f0xx_it.o
    0x08002246   0x08002246   0x00000002   Code   RO          191    i.PendSV_Handler    stm32f0xx_it.o
    0x08002248   0x08002248   0x00000078   Code   RO         1756    i.SPI_EndRxTransaction  stm32f0xx_hal_spi.o
    0x080022c0   0x080022c0   0x0000004c   Code   RO         1757    i.SPI_EndRxTxTransaction  stm32f0xx_hal_spi.o
    0x0800230c   0x0800230c   0x000000d8   Code   RO         1762    i.SPI_WaitFifoStateUntilTimeout  stm32f0xx_hal_spi.o
    0x080023e4   0x080023e4   0x000000b8   Code   RO         1763    i.SPI_WaitFlagStateUntilTimeout  stm32f0xx_hal_spi.o
    0x0800249c   0x0800249c   0x00000002   Code   RO          192    i.SVC_Handler       stm32f0xx_it.o
    0x0800249e   0x0800249e   0x00000002   PAD
    0x080024a0   0x080024a0   0x00000028   Code   RO          193    i.SysTick_Handler   stm32f0xx_it.o
    0x080024c8   0x080024c8   0x00000078   Code   RO           18    i.SystemClock_Config  main.o
    0x08002540   0x08002540   0x00000002   Code   RO         2503    i.SystemInit        system_stm32f0xx.o
    0x08002542   0x08002542   0x000000ca   Code   RO         2120    i.UART_AdvFeatureConfig  stm32f0xx_hal_uart.o
    0x0800260c   0x0800260c   0x00000064   Code   RO         2121    i.UART_CheckIdleState  stm32f0xx_hal_uart.o
    0x08002670   0x08002670   0x00000014   Code   RO         2122    i.UART_DMAAbortOnError  stm32f0xx_hal_uart.o
    0x08002684   0x08002684   0x0000005e   Code   RO         2132    i.UART_EndRxTransfer  stm32f0xx_hal_uart.o
    0x080026e2   0x080026e2   0x00000002   PAD
    0x080026e4   0x080026e4   0x00000134   Code   RO         2136    i.UART_SetConfig    stm32f0xx_hal_uart.o
    0x08002818   0x08002818   0x000000d4   Code   RO         2141    i.UART_WaitOnFlagUntilTimeout  stm32f0xx_hal_uart.o
    0x080028ec   0x080028ec   0x00000040   Code   RO          194    i.USART1_IRQHandler  stm32f0xx_it.o
    0x0800292c   0x0800292c   0x000000e0   Code   RO           19    i.UartRxAnalyze     main.o
    0x08002a0c   0x08002a0c   0x00000030   Code   RO          884    i.__ARM_common_ll_muluu  stm32f0xx_hal_rcc.o
    0x08002a3c   0x08002a3c   0x0000001a   Code   RO           79    i.__ARM_common_switch8  main.o
    0x08002a56   0x08002a56   0x00000002   PAD
    0x08002a58   0x08002a58   0x00000044   Code   RO         1252    i.__NVIC_SetPriority  stm32f0xx_hal_cortex.o
    0x08002a9c   0x08002a9c   0x00000494   Code   RO           20    i.main              main.o
    0x08002f30   0x08002f30   0x00000180   Data   RO           22    .constdata          main.o
    0x080030b0   0x080030b0   0x00000010   Data   RO         2504    .constdata          system_stm32f0xx.o
    0x080030c0   0x080030c0   0x00000008   Data   RO         2505    .constdata          system_stm32f0xx.o
    0x080030c8   0x080030c8   0x00000020   Data   RO         2721    Region$$Table       anon$$obj.o


    Execution Region RW_IRAM1 (Exec base: 0x20000000, Load base: 0x080030e8, Size: 0x00000918, Max: 0x00002000, ABSOLUTE)

    Exec Addr    Load Addr    Size         Type   Attr      Idx    E Section Name        Object

    0x20000000   0x080030e8   0x0000006f   Data   RW           23    .data               main.o
    0x2000006f   0x08003157   0x00000001   PAD
    0x20000070   0x08003158   0x00000002   Data   RW           24    .data               main.o
    0x20000072   0x0800315a   0x00000001   Data   RW          195    .data               stm32f0xx_it.o
    0x20000073   0x0800315b   0x00000001   PAD
    0x20000074   0x0800315c   0x0000000c   Data   RW          947    .data               stm32f0xx_hal.o
    0x20000080   0x08003168   0x00000004   Data   RW         2506    .data               system_stm32f0xx.o
    0x20000084        -       0x00000234   Zero   RW           21    .bss                main.o
    0x200002b8        -       0x00000060   Zero   RW         2592    .bss                c_p.l(libspace.o)
    0x20000318        -       0x00000200   Zero   RW            2    HEAP                startup_stm32f030x8.o
    0x20000518        -       0x00000400   Zero   RW            1    STACK               startup_stm32f030x8.o


==============================================================================

Image component sizes


      Code (inc. data)   RO Data    RW Data    ZI Data      Debug   Object Name

      2046        122        384        113        564     268609   main.o
        56         26        180          0       1536        708   startup_stm32f030x8.o
       128         26          0         12          0       8285   stm32f0xx_hal.o
       148         24          0          0          0      11009   stm32f0xx_hal_cortex.o
       136          0          0          0          0       2159   stm32f0xx_hal_dma.o
       644         44          0          0          0       3522   stm32f0xx_hal_gpio.o
      1348         42          0          0          0      12687   stm32f0xx_hal_i2c.o
       146          0          0          0          0       2315   stm32f0xx_hal_i2c_ex.o
       124         20          0          0          0       2271   stm32f0xx_hal_iwdg.o
       492         60          0          0          0       4437   stm32f0xx_hal_msp.o
      1376         92          0          0          0       5341   stm32f0xx_hal_rcc.o
       232         14          0          0          0       1640   stm32f0xx_hal_rcc_ex.o
      2044          8          0          0          0      11450   stm32f0xx_hal_spi.o
      1910         44          0          0          0      17663   stm32f0xx_hal_uart.o
       112         26          0          1          0       3889   stm32f0xx_it.o
         2          0         24          4          0       1531   system_stm32f0xx.o

    ----------------------------------------------------------------------
     10962        548        620        132       2100     357516   Object Totals
         0          0         32          0          0          0   (incl. Generated)
        18          0          0          2          0          0   (incl. Padding)

    ----------------------------------------------------------------------

      Code (inc. data)   RO Data    RW Data    ZI Data      Debug   Library Member Name

         8          0          0          0          0         68   __main.o
         0          0          0          0          0          0   __rtentry.o
        12          0          0          0          0          0   __rtentry2.o
         6          0          0          0          0          0   __rtentry4.o
        60          8          0          0          0          0   __scatter.o
        26          0          0          0          0          0   __scatter_copy.o
        28          0          0          0          0          0   __scatter_zi.o
       346          0          0          0          0         92   aeabi_sdiv.o
        16          0          0          0          0         68   exit.o
         6          0          0          0          0        136   heapauxi.o
         0          0          0          0          0          0   indicate_semi.o
         2          0          0          0          0          0   libinit.o
         2          0          0          0          0          0   libinit2.o
         2          0          0          0          0          0   libshutdown.o
         2          0          0          0          0          0   libshutdown2.o
         8          4          0          0         96         68   libspace.o
       258          0          0          0          0         88   lludiv.o
        64          0          0          0          0        108   rt_memclr.o
         2          0          0          0          0          0   rtexit.o
        10          0          0          0          0          0   rtexit2.o
        12          4          0          0          0         60   sys_exit.o
        62          0          0          0          0         80   sys_stackheap_outer.o
         2          0          0          0          0         68   use_no_semi.o

    ----------------------------------------------------------------------
       938         16          0          0         96        836   Library Totals
         4          0          0          0          0          0   (incl. Padding)

    ----------------------------------------------------------------------

      Code (inc. data)   RO Data    RW Data    ZI Data      Debug   Library Name

       934         16          0          0         96        836   c_p.l

    ----------------------------------------------------------------------
       938         16          0          0         96        836   Library Totals

    ----------------------------------------------------------------------

==============================================================================


      Code (inc. data)   RO Data    RW Data    ZI Data      Debug   

     11900        564        620        132       2196     354952   Grand Totals
     11900        564        620        132       2196     354952   ELF Image Totals
     11900        564        620        132          0          0   ROM Totals

==============================================================================

    Total RO  Size (Code + RO Data)                12520 (  12.23kB)
    Total RW  Size (RW Data + ZI Data)              2328 (   2.27kB)
    Total ROM Size (Code + RO Data + RW Data)      12652 (  12.36kB)

==============================================================================

